Component: ARM Compiler 5.06 update 5 (build 528) Tool: armlink [4d35e2]

==============================================================================

Section Cross References

    startup_stm32f10x_md.o(RESET) refers to startup_stm32f10x_md.o(STACK) for __initial_sp
    startup_stm32f10x_md.o(RESET) refers to startup_stm32f10x_md.o(.text) for Reset_Handler
    startup_stm32f10x_md.o(RESET) refers to stm32f10x_it.o(i.NMI_Handler) for NMI_Handler
    startup_stm32f10x_md.o(RESET) refers to stm32f10x_it.o(i.HardFault_Handler) for HardFault_Handler
    startup_stm32f10x_md.o(RESET) refers to stm32f10x_it.o(i.MemManage_Handler) for MemManage_Handler
    startup_stm32f10x_md.o(RESET) refers to stm32f10x_it.o(i.BusFault_Handler) for BusFault_Handler
    startup_stm32f10x_md.o(RESET) refers to stm32f10x_it.o(i.UsageFault_Handler) for UsageFault_Handler
    startup_stm32f10x_md.o(RESET) refers to stm32f10x_it.o(i.SVC_Handler) for SVC_Handler
    startup_stm32f10x_md.o(RESET) refers to stm32f10x_it.o(i.DebugMon_Handler) for DebugMon_Handler
    startup_stm32f10x_md.o(RESET) refers to stm32f10x_it.o(i.PendSV_Handler) for PendSV_Handler
    startup_stm32f10x_md.o(RESET) refers to stm32f10x_it.o(i.SysTick_Handler) for SysTick_Handler
    startup_stm32f10x_md.o(RESET) refers to uart_config.o(i.USART2_IRQHandler) for USART2_IRQHandler
    startup_stm32f10x_md.o(.text) refers to system_stm32f10x.o(i.SystemInit) for SystemInit
    startup_stm32f10x_md.o(.text) refers to entry.o(.ARM.Collect$$$$00000000) for __main
    system_stm32f10x.o(i.SetSysClock) refers to system_stm32f10x.o(i.SetSysClockTo72) for SetSysClockTo72
    system_stm32f10x.o(i.SystemCoreClockUpdate) refers to system_stm32f10x.o(.data) for SystemCoreClock
    system_stm32f10x.o(i.SystemInit) refers to system_stm32f10x.o(i.SetSysClock) for SetSysClock
    stm32f10x_adc.o(i.ADC_DeInit) refers to stm32f10x_rcc.o(i.RCC_APB2PeriphResetCmd) for RCC_APB2PeriphResetCmd
    stm32f10x_bkp.o(i.BKP_DeInit) refers to stm32f10x_rcc.o(i.RCC_BackupResetCmd) for RCC_BackupResetCmd
    stm32f10x_can.o(i.CAN_DeInit) refers to stm32f10x_rcc.o(i.RCC_APB1PeriphResetCmd) for RCC_APB1PeriphResetCmd
    stm32f10x_can.o(i.CAN_GetITStatus) refers to stm32f10x_can.o(i.CheckITStatus) for CheckITStatus
    stm32f10x_cec.o(i.CEC_DeInit) refers to stm32f10x_rcc.o(i.RCC_APB1PeriphResetCmd) for RCC_APB1PeriphResetCmd
    stm32f10x_dac.o(i.DAC_DeInit) refers to stm32f10x_rcc.o(i.RCC_APB1PeriphResetCmd) for RCC_APB1PeriphResetCmd
    stm32f10x_flash.o(i.FLASH_EnableWriteProtection) refers to stm32f10x_flash.o(i.FLASH_WaitForLastOperation) for FLASH_WaitForLastOperation
    stm32f10x_flash.o(i.FLASH_EraseAllBank1Pages) refers to stm32f10x_flash.o(i.FLASH_WaitForLastBank1Operation) for FLASH_WaitForLastBank1Operation
    stm32f10x_flash.o(i.FLASH_EraseAllPages) refers to stm32f10x_flash.o(i.FLASH_WaitForLastOperation) for FLASH_WaitForLastOperation
    stm32f10x_flash.o(i.FLASH_EraseOptionBytes) refers to stm32f10x_flash.o(i.FLASH_GetReadOutProtectionStatus) for FLASH_GetReadOutProtectionStatus
    stm32f10x_flash.o(i.FLASH_EraseOptionBytes) refers to stm32f10x_flash.o(i.FLASH_WaitForLastOperation) for FLASH_WaitForLastOperation
    stm32f10x_flash.o(i.FLASH_ErasePage) refers to stm32f10x_flash.o(i.FLASH_WaitForLastOperation) for FLASH_WaitForLastOperation
    stm32f10x_flash.o(i.FLASH_ProgramHalfWord) refers to stm32f10x_flash.o(i.FLASH_WaitForLastOperation) for FLASH_WaitForLastOperation
    stm32f10x_flash.o(i.FLASH_ProgramOptionByteData) refers to stm32f10x_flash.o(i.FLASH_WaitForLastOperation) for FLASH_WaitForLastOperation
    stm32f10x_flash.o(i.FLASH_ProgramWord) refers to stm32f10x_flash.o(i.FLASH_WaitForLastOperation) for FLASH_WaitForLastOperation
    stm32f10x_flash.o(i.FLASH_ReadOutProtection) refers to stm32f10x_flash.o(i.FLASH_WaitForLastOperation) for FLASH_WaitForLastOperation
    stm32f10x_flash.o(i.FLASH_UserOptionByteConfig) refers to stm32f10x_flash.o(i.FLASH_WaitForLastOperation) for FLASH_WaitForLastOperation
    stm32f10x_flash.o(i.FLASH_WaitForLastBank1Operation) refers to stm32f10x_flash.o(i.FLASH_GetBank1Status) for FLASH_GetBank1Status
    stm32f10x_flash.o(i.FLASH_WaitForLastOperation) refers to stm32f10x_flash.o(i.FLASH_GetBank1Status) for FLASH_GetBank1Status
    stm32f10x_gpio.o(i.GPIO_AFIODeInit) refers to stm32f10x_rcc.o(i.RCC_APB2PeriphResetCmd) for RCC_APB2PeriphResetCmd
    stm32f10x_gpio.o(i.GPIO_DeInit) refers to stm32f10x_rcc.o(i.RCC_APB2PeriphResetCmd) for RCC_APB2PeriphResetCmd
    stm32f10x_i2c.o(i.I2C_DeInit) refers to stm32f10x_rcc.o(i.RCC_APB1PeriphResetCmd) for RCC_APB1PeriphResetCmd
    stm32f10x_i2c.o(i.I2C_Init) refers to stm32f10x_rcc.o(i.RCC_GetClocksFreq) for RCC_GetClocksFreq
    stm32f10x_pwr.o(i.PWR_DeInit) refers to stm32f10x_rcc.o(i.RCC_APB1PeriphResetCmd) for RCC_APB1PeriphResetCmd
    stm32f10x_rcc.o(i.RCC_GetClocksFreq) refers to stm32f10x_rcc.o(.data) for APBAHBPrescTable
[...]
    Removing stm32f10x_sdio.o(i.SDIO_Init), (48 bytes).
    Removing stm32f10x_sdio.o(i.SDIO_ReadData), (12 bytes).
    Removing stm32f10x_sdio.o(i.SDIO_SendCEATACmd), (12 bytes).
    Removing stm32f10x_sdio.o(i.SDIO_SendCommand), (44 bytes).
    Removing stm32f10x_sdio.o(i.SDIO_SendSDIOSuspendCmd), (12 bytes).
    Removing stm32f10x_sdio.o(i.SDIO_SetPowerState), (28 bytes).
    Removing stm32f10x_sdio.o(i.SDIO_SetSDIOOperation), (12 bytes).
    Removing stm32f10x_sdio.o(i.SDIO_SetSDIOReadWaitMode), (12 bytes).
    Removing stm32f10x_sdio.o(i.SDIO_StartSDIOReadWait), (12 bytes).
    Removing stm32f10x_sdio.o(i.SDIO_StopSDIOReadWait), (12 bytes).
    Removing stm32f10x_sdio.o(i.SDIO_StructInit), (16 bytes).
    Removing stm32f10x_sdio.o(i.SDIO_WriteData), (12 bytes).
    Removing stm32f10x_spi.o(i.I2S_Cmd), (24 bytes).
    Removing stm32f10x_spi.o(i.I2S_Init), (232 bytes).
    Removing stm32f10x_spi.o(i.I2S_StructInit), (20 bytes).
    Removing stm32f10x_spi.o(i.SPI_BiDirectionalLineConfig), (28 bytes).
    Removing stm32f10x_spi.o(i.SPI_CalculateCRC), (24 bytes).
    Removing stm32f10x_spi.o(i.SPI_DataSizeConfig), (18 bytes).
    Removing stm32f10x_spi.o(i.SPI_GetCRC), (16 bytes).
    Removing stm32f10x_spi.o(i.SPI_GetCRCPolynomial), (6 bytes).
    Removing stm32f10x_spi.o(i.SPI_I2S_ClearFlag), (6 bytes).
    Removing stm32f10x_spi.o(i.SPI_I2S_ClearITPendingBit), (20 bytes).
    Removing stm32f10x_spi.o(i.SPI_I2S_DMACmd), (18 bytes).
    Removing stm32f10x_spi.o(i.SPI_I2S_DeInit), (88 bytes).
    Removing stm32f10x_spi.o(i.SPI_I2S_GetFlagStatus), (18 bytes).
    Removing stm32f10x_spi.o(i.SPI_I2S_GetITStatus), (52 bytes).
    Removing stm32f10x_spi.o(i.SPI_I2S_ITConfig), (32 bytes).
    Removing stm32f10x_spi.o(i.SPI_I2S_ReceiveData), (6 bytes).
    Removing stm32f10x_spi.o(i.SPI_I2S_SendData), (4 bytes).
    Removing stm32f10x_spi.o(i.SPI_NSSInternalSoftwareConfig), (30 bytes).
    Removing stm32f10x_spi.o(i.SPI_SSOutputCmd), (24 bytes).
    Removing stm32f10x_spi.o(i.SPI_TransmitCRC), (10 bytes).
    Removing stm32f10x_tim.o(i.TI1_Config), (128 bytes).
    Removing stm32f10x_tim.o(i.TI2_Config), (152 bytes).
    Removing stm32f10x_tim.o(i.TI3_Config), (144 bytes).
    Removing stm32f10x_tim.o(i.TI4_Config), (152 bytes).
    Removing stm32f10x_tim.o(i.TIM_ARRPreloadConfig), (24 bytes).
    Removing stm32f10x_tim.o(i.TIM_BDTRConfig), (32 bytes).
    Removing stm32f10x_tim.o(i.TIM_BDTRStructInit), (18 bytes).
    Removing stm32f10x_tim.o(i.TIM_CCPreloadControl), (24 bytes).
    Removing stm32f10x_tim.o(i.TIM_CCxCmd), (30 bytes).
    Removing stm32f10x_tim.o(i.TIM_CCxNCmd), (30 bytes).
    Removing stm32f10x_tim.o(i.TIM_ClearITPendingBit), (6 bytes).
    Removing stm32f10x_tim.o(i.TIM_ClearOC1Ref), (18 bytes).
    Removing stm32f10x_tim.o(i.TIM_ClearOC2Ref), (24 bytes).
    Removing stm32f10x_tim.o(i.TIM_ClearOC3Ref), (18 bytes).
    Removing stm32f10x_tim.o(i.TIM_ClearOC4Ref), (24 bytes).
    Removing stm32f10x_tim.o(i.TIM_CounterModeConfig), (18 bytes).
    Removing stm32f10x_tim.o(i.TIM_DMACmd), (18 bytes).
    Removing stm32f10x_tim.o(i.TIM_DMAConfig), (10 bytes).
    Removing stm32f10x_tim.o(i.TIM_DeInit), (488 bytes).
    Removing stm32f10x_tim.o(i.TIM_ETRClockMode1Config), (54 bytes).
    Removing stm32f10x_tim.o(i.TIM_ETRClockMode2Config), (32 bytes).
    Removing stm32f10x_tim.o(i.TIM_ETRConfig), (28 bytes).
    Removing stm32f10x_tim.o(i.TIM_ForcedOC1Config), (18 bytes).
    Removing stm32f10x_tim.o(i.TIM_ForcedOC2Config), (26 bytes).
    Removing stm32f10x_tim.o(i.TIM_ForcedOC3Config), (18 bytes).
    Removing stm32f10x_tim.o(i.TIM_ForcedOC4Config), (26 bytes).
    Removing stm32f10x_tim.o(i.TIM_GenerateEvent), (4 bytes).
    Removing stm32f10x_tim.o(i.TIM_GetCapture1), (6 bytes).
    Removing stm32f10x_tim.o(i.TIM_GetCapture2), (6 bytes).
    Removing stm32f10x_tim.o(i.TIM_GetCapture3), (6 bytes).
    Removing stm32f10x_tim.o(i.TIM_GetCapture4), (8 bytes).
    Removing stm32f10x_tim.o(i.TIM_GetFlagStatus), (18 bytes).
    Removing stm32f10x_tim.o(i.TIM_GetITStatus), (34 bytes).
    Removing stm32f10x_tim.o(i.TIM_GetPrescaler), (6 bytes).
    Removing stm32f10x_tim.o(i.TIM_ICInit), (172 bytes).
    Removing stm32f10x_tim.o(i.TIM_ICStructInit), (18 bytes).
    Removing stm32f10x_tim.o(i.TIM_ITConfig), (18 bytes).
    Removing stm32f10x_tim.o(i.TIM_ITRxExternalClockConfig), (24 bytes).
    Removing stm32f10x_tim.o(i.TIM_InternalClockConfig), (12 bytes).
    Removing stm32f10x_tim.o(i.TIM_OC1FastConfig), (18 bytes).
    Removing stm32f10x_tim.o(i.TIM_OC1Init), (152 bytes).
    Removing stm32f10x_tim.o(i.TIM_OC1NPolarityConfig), (18 bytes).
    Removing stm32f10x_tim.o(i.TIM_OC1PolarityConfig), (18 bytes).
    Removing stm32f10x_tim.o(i.TIM_OC1PreloadConfig), (18 bytes).
    Removing stm32f10x_tim.o(i.TIM_OC2FastConfig), (26 bytes).
    Removing stm32f10x_tim.o(i.TIM_OC2NPolarityConfig), (26 bytes).
    Removing stm32f10x_tim.o(i.TIM_OC2PolarityConfig), (26 bytes).
    Removing stm32f10x_tim.o(i.TIM_OC2PreloadConfig), (26 bytes).
    Removing stm32f10x_tim.o(i.TIM_OC3FastConfig), (18 bytes).
    Removing stm32f10x_tim.o(i.TIM_OC3Init), (160 bytes).
    Removing stm32f10x_tim.o(i.TIM_OC3NPolarityConfig), (26 bytes).
    Removing stm32f10x_tim.o(i.TIM_OC3PolarityConfig), (26 bytes).
    Removing stm32f10x_tim.o(i.TIM_OC3PreloadConfig), (18 bytes).
    Removing stm32f10x_tim.o(i.TIM_OC4FastConfig), (26 bytes).
    Removing stm32f10x_tim.o(i.TIM_OC4PolarityConfig), (26 bytes).
    Removing stm32f10x_tim.o(i.TIM_OC4PreloadConfig), (26 bytes).
    Removing stm32f10x_tim.o(i.TIM_OCStructInit), (20 bytes).
    Removing stm32f10x_tim.o(i.TIM_PWMIConfig), (124 bytes).
    Removing stm32f10x_tim.o(i.TIM_PrescalerConfig), (6 bytes).
    Removing stm32f10x_tim.o(i.TIM_SelectCCDMA), (24 bytes).
    Removing stm32f10x_tim.o(i.TIM_SelectCOM), (24 bytes).
    Removing stm32f10x_tim.o(i.TIM_SelectHallSensor), (24 bytes).
    Removing stm32f10x_tim.o(i.TIM_SelectInputTrigger), (18 bytes).
    Removing stm32f10x_tim.o(i.TIM_SelectMasterSlaveMode), (18 bytes).
    Removing stm32f10x_tim.o(i.TIM_SelectOCxM), (82 bytes).
    Removing stm32f10x_tim.o(i.TIM_SelectOnePulseMode), (18 bytes).
    Removing stm32f10x_tim.o(i.TIM_SelectOutputTrigger), (18 bytes).
    Removing stm32f10x_tim.o(i.TIM_SelectSlaveMode), (18 bytes).
    Removing stm32f10x_tim.o(i.TIM_SetAutoreload), (4 bytes).
    Removing stm32f10x_tim.o(i.TIM_SetClockDivision), (18 bytes).
    Removing stm32f10x_tim.o(i.TIM_SetCompare1), (4 bytes).
    Removing stm32f10x_tim.o(i.TIM_SetCompare3), (4 bytes).
    Removing stm32f10x_tim.o(i.TIM_SetIC1Prescaler), (18 bytes).
    Removing stm32f10x_tim.o(i.TIM_SetIC2Prescaler), (26 bytes).
    Removing stm32f10x_tim.o(i.TIM_SetIC3Prescaler), (18 bytes).
    Removing stm32f10x_tim.o(i.TIM_SetIC4Prescaler), (26 bytes).
    Removing stm32f10x_tim.o(i.TIM_TIxExternalClockConfig), (62 bytes).
    Removing stm32f10x_tim.o(i.TIM_TimeBaseStructInit), (18 bytes).
    Removing stm32f10x_tim.o(i.TIM_UpdateDisableConfig), (24 bytes).
    Removing stm32f10x_tim.o(i.TIM_UpdateRequestConfig), (24 bytes).
    Removing stm32f10x_usart.o(i.USART_ClearFlag), (18 bytes).
    Removing stm32f10x_usart.o(i.USART_ClearITPendingBit), (30 bytes).
    Removing stm32f10x_usart.o(i.USART_ClockInit), (34 bytes).
    Removing stm32f10x_usart.o(i.USART_ClockStructInit), (12 bytes).
    Removing stm32f10x_usart.o(i.USART_DMACmd), (18 bytes).
    Removing stm32f10x_usart.o(i.USART_DeInit), (156 bytes).
    Removing stm32f10x_usart.o(i.USART_GetFlagStatus), (26 bytes).
    Removing stm32f10x_usart.o(i.USART_HalfDuplexCmd), (24 bytes).
    Removing stm32f10x_usart.o(i.USART_IrDACmd), (24 bytes).
    Removing stm32f10x_usart.o(i.USART_IrDAConfig), (18 bytes).
    Removing stm32f10x_usart.o(i.USART_LINBreakDetectLengthConfig), (18 bytes).
    Removing stm32f10x_usart.o(i.USART_LINCmd), (24 bytes).
    Removing stm32f10x_usart.o(i.USART_OneBitMethodCmd), (24 bytes).
    Removing stm32f10x_usart.o(i.USART_OverSampling8Cmd), (22 bytes).
    Removing stm32f10x_usart.o(i.USART_ReceiverWakeUpCmd), (24 bytes).
    Removing stm32f10x_usart.o(i.USART_SendBreak), (10 bytes).
    Removing stm32f10x_usart.o(i.USART_SendData), (8 bytes).
    Removing stm32f10x_usart.o(i.USART_SetAddress), (18 bytes).
    Removing stm32f10x_usart.o(i.USART_SetGuardTime), (16 bytes).
    Removing stm32f10x_usart.o(i.USART_SetPrescaler), (16 bytes).
    Removing stm32f10x_usart.o(i.USART_SmartCardCmd), (24 bytes).
    Removing stm32f10x_usart.o(i.USART_SmartCardNACKCmd), (24 bytes).
    Removing stm32f10x_usart.o(i.USART_WakeUpConfig), (18 bytes).
    Removing stm32f10x_wwdg.o(i.WWDG_ClearFlag), (12 bytes).
    Removing stm32f10x_wwdg.o(i.WWDG_DeInit), (22 bytes).
    Removing stm32f10x_wwdg.o(i.WWDG_Enable), (16 bytes).
    Removing stm32f10x_wwdg.o(i.WWDG_EnableIT), (12 bytes).
    Removing stm32f10x_wwdg.o(i.WWDG_GetFlagStatus), (12 bytes).
    Removing stm32f10x_wwdg.o(i.WWDG_SetCounter), (16 bytes).
    Removing stm32f10x_wwdg.o(i.WWDG_SetPrescaler), (24 bytes).
    Removing stm32f10x_wwdg.o(i.WWDG_SetWindowValue), (40 bytes).
    Removing delay.o(i.Delay_s), (24 bytes).
    Removing m3pwm.o(i.M3PWM_SetFrequency), (116 bytes).
    Removing m3pwm.o(i.M3PWM_Stop), (24 bytes).
    Removing motor_ctr.o(i.Motor_SetFrequency), (132 bytes).
    Removing oled.o(i.OLED_ShowBinNum), (62 bytes).
    Removing oled.o(i.OLED_ShowHexNum), (84 bytes).
    Removing oled.o(i.OLED_ShowNum), (68 bytes).
    Removing oled.o(i.OLED_ShowString), (40 bytes).
    Removing uart_config.o(i.Uart2_BytesAvailable), (48 bytes).
    Removing uart_config.o(i.Uart2_PutChar), (32 bytes).
    Removing uart_config.o(i.Uart2_ReadByteBlocking), (60 bytes).
    Removing uart_config.o(i.Uart2_SendBuf), (56 bytes).
    Removing uart_config.o(i.Uart2_SendByte), (32 bytes).
    Removing uart_config.o(i.Uart2_SendString), (48 bytes).
    Removing uart_config.o(i.fputc), (16 bytes).
    Removing pose.o(i.arcsin), (78 bytes).
    Removing pose.o(i.arctan1), (236 bytes).
    Removing pose.o(i.arctan2), (192 bytes).
    Removing pose.o(i.imuupdate), (1484 bytes).
    Removing pose.o(i.invsqrt), (76 bytes).
    Removing pose.o(i.one_fiter), (240 bytes).
    Removing pose.o(i.prepare_data), (56 bytes).
    Removing pose.o(.bss), (96 bytes).
    Removing pose.o(.constdata), (36 bytes).
    Removing pose.o(.data), (32 bytes).
    Removing key_scan.o(i.Key_ClearEvent), (28 bytes).
    Removing key_scan.o(i.Key_GetState), (24 bytes).
    Removing key_scan.o(i.Key_HasEvent), (20 bytes).
    Removing blackpoint_finder.o(i.BlackPoint_Finder_GetLastPosition), (12 bytes).
    Removing blackpoint_finder.o(i.BlackPoint_Finder_GetSensorConfig), (32 bytes).
    Removing blackpoint_finder.o(i.BlackPoint_Finder_IsBlackPoint), (76 bytes).
    Removing blackpoint_finder.o(i.BlackPoint_Finder_ResetLastPosition), (12 bytes).
    Removing blackpoint_finder.o(i.BlackPoint_Finder_SetSensorConfig), (24 bytes).
    Removing pid_controller.o(i.PositionPID_Reset), (14 bytes).
    Removing pid_controller.o(i.PositionPID_SetParam), (14 bytes).
    Removing pid_controller.o(i.PositionPID_SetTarget), (10 bytes).
    Removing pid_controller.o(i.SpeedPID_Reset), (16 bytes).
    Removing pid_controller.o(i.SpeedPID_SetParam), (14 bytes).
    Removing dsqrt.o(.text), (162 bytes).
    Removing cdcmple.o(.text), (48 bytes).

472 unused section(s) (total 21232 bytes) removed from the image.

==============================================================================

Image Symbol Table

    Local Symbols

    Symbol Name                              Value     Ov Type        Size  Object(Section)

    ../clib/microlib/errno.c                 0x00000000   Number         0  errno.o ABSOLUTE
    ../clib/microlib/init/entry.s            0x00000000   Number         0  entry8b.o ABSOLUTE
    ../clib/microlib/init/entry.s            0x00000000   Number         0  entry11a.o ABSOLUTE
    ../clib/microlib/init/entry.s            0x00000000   Number         0  entry11b.o ABSOLUTE
    ../clib/microlib/init/entry.s            0x00000000   Number         0  entry2.o ABSOLUTE
    ../clib/microlib/init/entry.s            0x00000000   Number         0  entry5.o ABSOLUTE
    ../clib/microlib/init/entry.s            0x00000000   Number         0  entry.o ABSOLUTE
    ../clib/microlib/init/entry.s            0x00000000   Number         0  entry7a.o ABSOLUTE
    ../clib/microlib/init/entry.s            0x00000000   Number         0  entry7b.o ABSOLUTE
    ../clib/microlib/init/entry.s            0x00000000   Number         0  entry8a.o ABSOLUTE
    ../clib/microlib/init/entry.s            0x00000000   Number         0  entry9a.o ABSOLUTE
    ../clib/microlib/init/entry.s            0x00000000   Number         0  entry9b.o ABSOLUTE
    ../clib/microlib/init/entry.s            0x00000000   Number         0  entry10a.o ABSOLUTE
    ../clib/microlib/init/entry.s            0x00000000   Number         0  entry10b.o ABSOLUTE
    ../clib/microlib/longlong.c              0x00000000   Number         0  llushr.o ABSOLUTE
    ../clib/microlib/longlong.c              0x00000000   Number         0  llshl.o ABSOLUTE
    ../clib/microlib/longlong.c              0x00000000   Number         0  llsshr.o ABSOLUTE
    ../clib/microlib/string/memcpy.c         0x00000000   Number         0  memcpyb.o ABSOLUTE
    ../clib/microlib/string/memcpy.c         0x00000000   Number         0  memcpya.o ABSOLUTE
    ../clib/microlib/stubs.s                 0x00000000   Number         0  iusefp.o ABSOLUTE
    ../fplib/microlib/d2f.c                  0x00000000   Number         0  d2f.o ABSOLUTE
    ../fplib/microlib/f2d.c                  0x00000000   Number         0  f2d.o ABSOLUTE
    ../fplib/microlib/fpadd.c                0x00000000   Number         0  fadd.o ABSOLUTE
    ../fplib/microlib/fpadd.c                0x00000000   Number         0  dadd.o ABSOLUTE
    ../fplib/microlib/fpcmp4.c               0x00000000   Number         0  dcmp4.o ABSOLUTE
    ../fplib/microlib/fpdiv.c                0x00000000   Number         0  fdiv.o ABSOLUTE
    ../fplib/microlib/fpdiv.c                0x00000000   Number         0  ddiv.o ABSOLUTE
    ../fplib/microlib/fpepilogue.c           0x00000000   Number         0  fepilogue.o ABSOLUTE
    ../fplib/microlib/fpepilogue.c           0x00000000   Number         0  depilogue.o ABSOLUTE
    ../fplib/microlib/fpfix.c                0x00000000   Number         0  ffixi.o ABSOLUTE
    ../fplib/microlib/fpfix.c                0x00000000   Number         0  ffixui.o ABSOLUTE
    ../fplib/microlib/fpflt.c                0x00000000   Number         0  fflti.o ABSOLUTE
    ../fplib/microlib/fpflt.c                0x00000000   Number         0  ffltui.o ABSOLUTE
    ../fplib/microlib/fpmul.c                0x00000000   Number         0  fmul.o ABSOLUTE
    ../fplib/microlib/fpmul.c                0x00000000   Number         0  dmul.o ABSOLUTE
    ../fplib/microlib/fpsqrt.c               0x00000000   Number         0  dsqrt.o ABSOLUTE
    ../mathlib/fmax.c                        0x00000000   Number         0  fmin.o ABSOLUTE
    ../mathlib/sqrt.c                        0x00000000   Number         0  sqrt_x.o ABSOLUTE
    ../mathlib/sqrt.c                        0x00000000   Number         0  sqrt.o ABSOLUTE
    Library\misc.c                           0x00000000   Number         0  misc.o ABSOLUTE
    Library\stm32f10x_adc.c                  0x00000000   Number         0  stm32f10x_adc.o ABSOLUTE
    Library\stm32f10x_bkp.c                  0x00000000   Number         0  stm32f10x_bkp.o ABSOLUTE
    Library\stm32f10x_can.c                  0x00000000   Number         0  stm32f10x_can.o ABSOLUTE
    Library\stm32f10x_cec.c                  0x00000000   Number         0  stm32f10x_cec.o ABSOLUTE
    Library\stm32f10x_crc.c                  0x00000000   Number         0  stm32f10x_crc.o ABSOLUTE
    Library\stm32f10x_dac.c                  0x00000000   Number         0  stm32f10x_dac.o ABSOLUTE
    Library\stm32f10x_dbgmcu.c               0x00000000   Number         0  stm32f10x_dbgmcu.o ABSOLUTE
    Library\stm32f10x_dma.c                  0x00000000   Number         0  stm32f10x_dma.o ABSOLUTE
    Library\stm32f10x_exti.c                 0x00000000   Number         0  stm32f10x_exti.o ABSOLUTE
    Library\stm32f10x_flash.c                0x00000000   Number         0  stm32f10x_flash.o ABSOLUTE
    Library\stm32f10x_fsmc.c                 0x00000000   Number         0  stm32f10x_fsmc.o ABSOLUTE
    Library\stm32f10x_gpio.c                 0x00000000   Number         0  stm32f10x_gpio.o ABSOLUTE
    Library\stm32f10x_i2c.c                  0x00000000   Number         0  stm32f10x_i2c.o ABSOLUTE
    Library\stm32f10x_iwdg.c                 0x00000000   Number         0  stm32f10x_iwdg.o ABSOLUTE
    Library\stm32f10x_pwr.c                  0x00000000   Number         0  stm32f10x_pwr.o ABSOLUTE
    Library\stm32f10x_rcc.c                  0x00000000   Number         0  stm32f10x_rcc.o ABSOLUTE
    Library\stm32f10x_rtc.c                  0x00000000   Number         0  stm32f10x_rtc.o ABSOLUTE
    Library\stm32f10x_sdio.c                 0x00000000   Number         0  stm32f10x_sdio.o ABSOLUTE
    Library\stm32f10x_spi.c                  0x00000000   Number         0  stm32f10x_spi.o ABSOLUTE
    Library\stm32f10x_tim.c                  0x00000000   Number         0  stm32f10x_tim.o ABSOLUTE
    Library\stm32f10x_usart.c                0x00000000   Number         0  stm32f10x_usart.o ABSOLUTE
    Library\stm32f10x_wwdg.c                 0x00000000   Number         0  stm32f10x_wwdg.o ABSOLUTE
    Start\\core_cm3.c                        0x00000000   Number         0  core_cm3.o ABSOLUTE
    Start\core_cm3.c                         0x00000000   Number         0  core_cm3.o ABSOLUTE
    Start\startup_stm32f10x_md.s             0x00000000   Number         0  startup_stm32f10x_md.o ABSOLUTE
    Start\system_stm32f10x.c                 0x00000000   Number         0  system_stm32f10x.o ABSOLUTE
    System\Delay.c                           0x00000000   Number         0  delay.o ABSOLUTE
    User\ABEncoder.c                         0x00000000   Number         0  abencoder.o ABSOLUTE
    User\ADC_get.c                           0x00000000   Number         0  adc_get.o ABSOLUTE
    User\BlackPoint_Finder.c                 0x00000000   Number         0  blackpoint_finder.o ABSOLUTE
    User\Key_Scan.c                          0x00000000   Number         0  key_scan.o ABSOLUTE
    User\LSM6DSR_Config.c                    0x00000000   Number         0  lsm6dsr_config.o ABSOLUTE
    User\M3PWM.c                             0x00000000   Number         0  m3pwm.o ABSOLUTE
    User\Motor_ctr.c                         0x00000000   Number         0  motor_ctr.o ABSOLUTE
    User\OLED.c                              0x00000000   Number         0  oled.o ABSOLUTE
    User\PID_Controller.c                    0x00000000   Number         0  pid_controller.o ABSOLUTE
    User\RGB_Led.c                           0x00000000   Number         0  rgb_led.o ABSOLUTE
    User\Uart_Config.c                       0x00000000   Number         0  uart_config.o ABSOLUTE
    User\main.c                              0x00000000   Number         0  main.o ABSOLUTE
    User\pose.c                              0x00000000   Number         0  pose.o ABSOLUTE
    User\stm32f10x_it.c                      0x00000000   Number         0  stm32f10x_it.o ABSOLUTE
    cdcmple.s                                0x00000000   Number         0  cdcmple.o ABSOLUTE
    cfcmple.s                                0x00000000   Number         0  cfcmple.o ABSOLUTE
    cfrcmple.s                               0x00000000   Number         0  cfrcmple.o ABSOLUTE
    dc.s                                     0x00000000   Number         0  dc.o ABSOLUTE
    handlers.s                               0x00000000   Number         0  handlers.o ABSOLUTE
    init.s                                   0x00000000   Number         0  init.o ABSOLUTE
    RESET                                    0x08000000   Section      236  startup_stm32f10x_md.o(RESET)
    .ARM.Collect$$$$00000000                 0x080000ec   Section        0  entry.o(.ARM.Collect$$$$00000000)
    .ARM.Collect$$$$00000001                 0x080000ec   Section        4  entry2.o(.ARM.Collect$$$$00000001)
    .ARM.Collect$$$$00000004                 0x080000f0   Section        4  entry5.o(.ARM.Collect$$$$00000004)
    .ARM.Collect$$$$00000008                 0x080000f4   Section        0  entry7b.o(.ARM.Collect$$$$00000008)
    .ARM.Collect$$$$0000000A                 0x080000f4   Section        0  entry8b.o(.ARM.Collect$$$$0000000A)
    .ARM.Collect$$$$0000000B                 0x080000f4   Section        8  entry9a.o(.ARM.Collect$$$$0000000B)
    .ARM.Collect$$$$0000000D                 0x080000fc   Section        0  entry10a.o(.ARM.Collect$$$$0000000D)
    .ARM.Collect$$$$0000000F                 0x080000fc   Section        0  entry11a.o(.ARM.Collect$$$$0000000F)
    .ARM.Collect$$$$00002712                 0x080000fc   Section        4  entry2.o(.ARM.Collect$$$$00002712)
    __lit__00000000                          0x080000fc   Data           4  entry2.o(.ARM.Collect$$$$00002712)
    .text                                    0x08000100   Section       36  startup_stm32f10x_md.o(.text)
    .text                                    0x08000124   Section        0  fadd.o(.text)
    .text                                    0x080001d4   Section        0  fmul.o(.text)
    .text                                    0x08000238   Section        0  fdiv.o(.text)
    .text                                    0x080002b4   Section        0  dadd.o(.text)
    .text                                    0x08000402   Section        0  dmul.o(.text)
    .text                                    0x080004e6   Section        0  ddiv.o(.text)
    .text                                    0x080005c4   Section        0  fflti.o(.text)
    .text                                    0x080005d6   Section        0  ffltui.o(.text)
    .text                                    0x080005e0   Section        0  ffixi.o(.text)
    .text                                    0x08000612   Section        0  ffixui.o(.text)
    .text                                    0x0800063a   Section        0  f2d.o(.text)
    .text                                    0x08000660   Section        0  d2f.o(.text)
    .text                                    0x08000698   Section       20  cfcmple.o(.text)
    .text                                    0x080006ac   Section       20  cfrcmple.o(.text)
    .text                                    0x080006c0   Section        0  llshl.o(.text)
    .text                                    0x080006de   Section        0  llsshr.o(.text)
    .text                                    0x08000702   Section        0  fepilogue.o(.text)
    .text                                    0x08000702   Section        0  iusefp.o(.text)
    .text                                    0x08000770   Section        0  depilogue.o(.text)
    .text                                    0x0800082a   Section        0  dcmp4.o(.text)
    .text                                    0x0800088c   Section       36  init.o(.text)
    .text                                    0x080008b0   Section        0  llushr.o(.text)
    i.ABEncoder_Init                         0x080008d0   Section        0  abencoder.o(i.ABEncoder_Init)
    i.ABEncoder_UpdateSpeed                  0x080009ac   Section        0  abencoder.o(i.ABEncoder_UpdateSpeed)
    i.ADC_Cmd                                0x08000a24   Section        0  stm32f10x_adc.o(i.ADC_Cmd)
    i.ADC_DeInit                             0x08000a3c   Section        0  stm32f10x_adc.o(i.ADC_DeInit)
    i.ADC_GetCalibrationStatus               0x08000a98   Section        0  stm32f10x_adc.o(i.ADC_GetCalibrationStatus)
    i.ADC_GetConversionValue                 0x08000aac   Section        0  stm32f10x_adc.o(i.ADC_GetConversionValue)
    i.ADC_GetFlagStatus                      0x08000ab4   Section        0  stm32f10x_adc.o(i.ADC_GetFlagStatus)
    i.ADC_GetResetCalibrationStatus          0x08000ac6   Section        0  stm32f10x_adc.o(i.ADC_GetResetCalibrationStatus)
    i.ADC_Init                               0x08000adc   Section        0  stm32f10x_adc.o(i.ADC_Init)
    i.ADC_Read_PA0                           0x08000b2c   Section        0  adc_get.o(i.ADC_Read_PA0)
    ADC_Read_PA0                             0x08000b2d   Thumb Code    44  adc_get.o(i.ADC_Read_PA0)
    i.ADC_RegularChannelConfig               0x08000b5c   Section        0  stm32f10x_adc.o(i.ADC_RegularChannelConfig)
    i.ADC_ResetCalibration                   0x08000c14   Section        0  stm32f10x_adc.o(i.ADC_ResetCalibration)
    i.ADC_SoftwareStartConvCmd               0x08000c1e   Section        0  stm32f10x_adc.o(i.ADC_SoftwareStartConvCmd)
    i.ADC_StartCalibration                   0x08000c34   Section        0  stm32f10x_adc.o(i.ADC_StartCalibration)
    i.BlackPoint_Finder_Init                 0x08000c40   Section        0  blackpoint_finder.o(i.BlackPoint_Finder_Init)
    i.BlackPoint_Finder_Search               0x08000d3c   Section        0  blackpoint_finder.o(i.BlackPoint_Finder_Search)
    i.BusFault_Handler                       0x0800107c   Section        0  stm32f10x_it.o(i.BusFault_Handler)
    i.DebugMon_Handler                       0x08001080   Section        0  stm32f10x_it.o(i.DebugMon_Handler)
    i.Delay_ms                               0x08001082   Section        0  delay.o(i.Delay_ms)
    i.Delay_us                               0x0800109a   Section        0  delay.o(i.Delay_us)
    i.GPIO_Init                              0x080010b4   Section        0  stm32f10x_gpio.o(i.GPIO_Init)
    i.GPIO_PinRemapConfig                    0x080011cc   Section        0  stm32f10x_gpio.o(i.GPIO_PinRemapConfig)
    i.GPIO_ReadInputDataBit                  0x0800125c   Section        0  stm32f10x_gpio.o(i.GPIO_ReadInputDataBit)
    i.GPIO_ResetBits                         0x0800126e   Section        0  stm32f10x_gpio.o(i.GPIO_ResetBits)
    i.GPIO_SetBits                           0x08001272   Section        0  stm32f10x_gpio.o(i.GPIO_SetBits)
    i.GPIO_WriteBit                          0x08001276   Section        0  stm32f10x_gpio.o(i.GPIO_WriteBit)
    i.HardFault_Handler                      0x08001280   Section        0  stm32f10x_it.o(i.HardFault_Handler)
    i.HardwareSPI_CS_High                    0x08001284   Section        0  lsm6dsr_config.o(i.HardwareSPI_CS_High)
    HardwareSPI_CS_High                      0x08001285   Thumb Code    14  lsm6dsr_config.o(i.HardwareSPI_CS_High)
    i.HardwareSPI_CS_Low                     0x08001298   Section        0  lsm6dsr_config.o(i.HardwareSPI_CS_Low)
    HardwareSPI_CS_Low                       0x08001299   Thumb Code    14  lsm6dsr_config.o(i.HardwareSPI_CS_Low)
    i.HardwareSPI_Init                       0x080012ac   Section        0  lsm6dsr_config.o(i.HardwareSPI_Init)
    HardwareSPI_Init                         0x080012ad   Thumb Code   186  lsm6dsr_config.o(i.HardwareSPI_Init)
    i.HardwareSPI_ReadByte                   0x08001370   Section        0  lsm6dsr_config.o(i.HardwareSPI_ReadByte)
    HardwareSPI_ReadByte                     0x08001371   Thumb Code    32  lsm6dsr_config.o(i.HardwareSPI_ReadByte)
    i.HardwareSPI_ReadBytes                  0x08001390   Section        0  lsm6dsr_config.o(i.HardwareSPI_ReadBytes)
    HardwareSPI_ReadBytes                    0x08001391   Thumb Code    50  lsm6dsr_config.o(i.HardwareSPI_ReadBytes)
    i.HardwareSPI_TransmitByte               0x080013c4   Section        0  lsm6dsr_config.o(i.HardwareSPI_TransmitByte)
    HardwareSPI_TransmitByte                 0x080013c5   Thumb Code    46  lsm6dsr_config.o(i.HardwareSPI_TransmitByte)
    i.HardwareSPI_WriteByte                  0x080013f8   Section        0  lsm6dsr_config.o(i.HardwareSPI_WriteByte)
    HardwareSPI_WriteByte                    0x080013f9   Thumb Code    30  lsm6dsr_config.o(i.HardwareSPI_WriteByte)
    i.Key_AddEvent                           0x08001418   Section        0  key_scan.o(i.Key_AddEvent)
    Key_AddEvent                             0x08001419   Thumb Code    56  key_scan.o(i.Key_AddEvent)
    i.Key_GetEvent                           0x0800145c   Section        0  key_scan.o(i.Key_GetEvent)
    i.Key_ReadRaw                            0x080014a0   Section        0  key_scan.o(i.Key_ReadRaw)
    Key_ReadRaw                              0x080014a1   Thumb Code   116  key_scan.o(i.Key_ReadRaw)
    i.Key_Scan_Init                          0x0800151c   Section        0  key_scan.o(i.Key_Scan_Init)
    i.Key_Scan_Update                        0x080015ac   Section        0  key_scan.o(i.Key_Scan_Update)
    i.LSM6DSR_ConvertToPhysics               0x08001604   Section        0  lsm6dsr_config.o(i.LSM6DSR_ConvertToPhysics)
    i.LSM6DSR_Init                           0x080016b0   Section        0  lsm6dsr_config.o(i.LSM6DSR_Init)
    i.LSM6DSR_ReadData                       0x0800170c   Section        0  lsm6dsr_config.o(i.LSM6DSR_ReadData)
    i.LSM6DSR_ReadID                         0x0800177c   Section        0  lsm6dsr_config.o(i.LSM6DSR_ReadID)
    i.LSM6DSR_ReadReg                        0x08001786   Section        0  lsm6dsr_config.o(i.LSM6DSR_ReadReg)
    i.LSM6DSR_ReadRegs                       0x08001792   Section        0  lsm6dsr_config.o(i.LSM6DSR_ReadRegs)
    i.LSM6DSR_WriteReg                       0x080017a6   Section        0  lsm6dsr_config.o(i.LSM6DSR_WriteReg)
    i.M3PWM_Init                             0x080017b8   Section        0  m3pwm.o(i.M3PWM_Init)
    i.M3PWM_SetDutyCycle                     0x0800186c   Section        0  m3pwm.o(i.M3PWM_SetDutyCycle)
    i.M3PWM_Start                            0x080018a4   Section        0  m3pwm.o(i.M3PWM_Start)
    i.MemManage_Handler                      0x080018b8   Section        0  stm32f10x_it.o(i.MemManage_Handler)
    i.Motor_Disable                          0x080018bc   Section        0  motor_ctr.o(i.Motor_Disable)
    i.Motor_Enable                           0x080018d0   Section        0  motor_ctr.o(i.Motor_Enable)
    i.Motor_Init                             0x080018e4   Section        0  motor_ctr.o(i.Motor_Init)
    i.Motor_SetDirection                     0x080019e0   Section        0  motor_ctr.o(i.Motor_SetDirection)
    i.Motor_SetSpeed                         0x08001a40   Section        0  motor_ctr.o(i.Motor_SetSpeed)
    i.Motor_SetSpeedWithDirection            0x08001aa0   Section        0  pid_controller.o(i.Motor_SetSpeedWithDirection)
    i.Motor_Stop                             0x08001aee   Section        0  motor_ctr.o(i.Motor_Stop)
    i.Motor_StopAll                          0x08001afc   Section        0  motor_ctr.o(i.Motor_StopAll)
    i.MuxADC_Init                            0x08001b0c   Section        0  adc_get.o(i.MuxADC_Init)
    i.MuxADC_ReadChannel                     0x08001bc4   Section        0  adc_get.o(i.MuxADC_ReadChannel)
    i.MuxADC_ReadOnce                        0x08001bec   Section        0  adc_get.o(i.MuxADC_ReadOnce)
    MuxADC_ReadOnce                          0x08001bed   Thumb Code    44  adc_get.o(i.MuxADC_ReadOnce)
    i.MuxADC_SampleAll                       0x08001c1c   Section        0  adc_get.o(i.MuxADC_SampleAll)
    i.MuxADC_SetSelectLines                  0x08001c44   Section        0  adc_get.o(i.MuxADC_SetSelectLines)
    MuxADC_SetSelectLines                    0x08001c45   Thumb Code    68  adc_get.o(i.MuxADC_SetSelectLines)
    i.NMI_Handler                            0x08001c8c   Section        0  stm32f10x_it.o(i.NMI_Handler)
    i.NVIC_Init                              0x08001c90   Section        0  misc.o(i.NVIC_Init)
    i.OLED_Clear                             0x08001d00   Section        0  oled.o(i.OLED_Clear)
    i.OLED_I2C_Init                          0x08001d2c   Section        0  oled.o(i.OLED_I2C_Init)
    i.OLED_I2C_SendByte                      0x08001d84   Section        0  oled.o(i.OLED_I2C_SendByte)
    i.OLED_I2C_Start                         0x08001ddc   Section        0  oled.o(i.OLED_I2C_Start)
    i.OLED_I2C_Stop                          0x08001e0c   Section        0  oled.o(i.OLED_I2C_Stop)
    i.OLED_Init                              0x08001e34   Section        0  oled.o(i.OLED_Init)
    i.OLED_Pow                               0x08001ee2   Section        0  oled.o(i.OLED_Pow)
    i.OLED_SetCursor                         0x08001ef6   Section        0  oled.o(i.OLED_SetCursor)
    i.OLED_ShowChar                          0x08001f18   Section        0  oled.o(i.OLED_ShowChar)
    i.OLED_ShowSignedNum                     0x08001f8c   Section        0  oled.o(i.OLED_ShowSignedNum)
    i.OLED_WriteCommand                      0x08001ff2   Section        0  oled.o(i.OLED_WriteCommand)
    i.OLED_WriteData                         0x08002012   Section        0  oled.o(i.OLED_WriteData)
    i.PID_Control_Update                     0x08002034   Section        0  pid_controller.o(i.PID_Control_Update)
    i.PID_Init                               0x080021a4   Section        0  pid_controller.o(i.PID_Init)
    i.PendSV_Handler                         0x0800220c   Section        0  stm32f10x_it.o(i.PendSV_Handler)
    i.PositionPID_Calculate                  0x08002210   Section        0  pid_controller.o(i.PositionPID_Calculate)
    i.PositionPID_Init                       0x080022ec   Section        0  pid_controller.o(i.PositionPID_Init)
    i.RCC_ADCCLKConfig                       0x08002340   Section        0  stm32f10x_rcc.o(i.RCC_ADCCLKConfig)
    i.RCC_APB1PeriphClockCmd                 0x08002358   Section        0  stm32f10x_rcc.o(i.RCC_APB1PeriphClockCmd)
    i.RCC_APB2PeriphClockCmd                 0x08002378   Section        0  stm32f10x_rcc.o(i.RCC_APB2PeriphClockCmd)
    i.RCC_APB2PeriphResetCmd                 0x08002398   Section        0  stm32f10x_rcc.o(i.RCC_APB2PeriphResetCmd)
    i.RCC_GetClocksFreq                      0x080023b8   Section        0  stm32f10x_rcc.o(i.RCC_GetClocksFreq)
    i.RGB_AllOff                             0x0800248c   Section        0  rgb_led.o(i.RGB_AllOff)
    RGB_AllOff                               0x0800248d   Thumb Code    22  rgb_led.o(i.RGB_AllOff)
    i.RGB_Init                               0x080024a4   Section        0  rgb_led.o(i.RGB_Init)
    i.RGB_SetColor                           0x080024f4   Section        0  rgb_led.o(i.RGB_SetColor)
    i.RGB_WriteB                             0x080025a4   Section        0  rgb_led.o(i.RGB_WriteB)
    RGB_WriteB                               0x080025a5   Thumb Code    18  rgb_led.o(i.RGB_WriteB)
    i.RGB_WriteG                             0x080025bc   Section        0  rgb_led.o(i.RGB_WriteG)
    RGB_WriteG                               0x080025bd   Thumb Code    16  rgb_led.o(i.RGB_WriteG)
    i.RGB_WriteR                             0x080025d0   Section        0  rgb_led.o(i.RGB_WriteR)
    RGB_WriteR                               0x080025d1   Thumb Code    18  rgb_led.o(i.RGB_WriteR)
    i.SPI_Cmd                                0x080025e8   Section        0  stm32f10x_spi.o(i.SPI_Cmd)
    i.SPI_Init                               0x08002600   Section        0  stm32f10x_spi.o(i.SPI_Init)
    i.SPI_StructInit                         0x0800263c   Section        0  stm32f10x_spi.o(i.SPI_StructInit)
    i.SVC_Handler                            0x08002654   Section        0  stm32f10x_it.o(i.SVC_Handler)
    i.SetSysClock                            0x08002656   Section        0  system_stm32f10x.o(i.SetSysClock)
    SetSysClock                              0x08002657   Thumb Code     8  system_stm32f10x.o(i.SetSysClock)
    i.SetSysClockTo72                        0x08002660   Section        0  system_stm32f10x.o(i.SetSysClockTo72)
    SetSysClockTo72                          0x08002661   Thumb Code   214  system_stm32f10x.o(i.SetSysClockTo72)
    i.SpeedPID_Calculate                     0x08002740   Section        0  pid_controller.o(i.SpeedPID_Calculate)
    i.SpeedPID_Init                          0x080027d4   Section        0  pid_controller.o(i.SpeedPID_Init)
    i.SysTick_Handler                        0x0800281c   Section        0  stm32f10x_it.o(i.SysTick_Handler)
    i.SysTick_Init                           0x08002914   Section        0  main.o(i.SysTick_Init)
    i.SystemInit                             0x08002974   Section        0  system_stm32f10x.o(i.SystemInit)
    i.TIM_ClearFlag                          0x080029d4   Section        0  stm32f10x_tim.o(i.TIM_ClearFlag)
    i.TIM_Cmd                                0x080029da   Section        0  stm32f10x_tim.o(i.TIM_Cmd)
    i.TIM_CtrlPWMOutputs                     0x080029f2   Section        0  stm32f10x_tim.o(i.TIM_CtrlPWMOutputs)
    i.TIM_EncoderInterfaceConfig             0x08002a10   Section        0  stm32f10x_tim.o(i.TIM_EncoderInterfaceConfig)
    i.TIM_GetCounter                         0x08002a52   Section        0  stm32f10x_tim.o(i.TIM_GetCounter)
    i.TIM_OC2Init                            0x08002a58   Section        0  stm32f10x_tim.o(i.TIM_OC2Init)
    i.TIM_OC4Init                            0x08002afc   Section        0  stm32f10x_tim.o(i.TIM_OC4Init)
    i.TIM_SetCompare2                        0x08002b78   Section        0  stm32f10x_tim.o(i.TIM_SetCompare2)
    i.TIM_SetCompare4                        0x08002b7c   Section        0  stm32f10x_tim.o(i.TIM_SetCompare4)
    i.TIM_SetCounter                         0x08002b82   Section        0  stm32f10x_tim.o(i.TIM_SetCounter)
    i.TIM_TimeBaseInit                       0x08002b88   Section        0  stm32f10x_tim.o(i.TIM_TimeBaseInit)
    i.USART2_IRQHandler                      0x08002c2c   Section        0  uart_config.o(i.USART2_IRQHandler)
    i.USART_Cmd                              0x08002c88   Section        0  stm32f10x_usart.o(i.USART_Cmd)
    i.USART_GetITStatus                      0x08002ca0   Section        0  stm32f10x_usart.o(i.USART_GetITStatus)
    i.USART_ITConfig                         0x08002cf4   Section        0  stm32f10x_usart.o(i.USART_ITConfig)
    i.USART_Init                             0x08002d40   Section        0  stm32f10x_usart.o(i.USART_Init)
    i.USART_ReceiveData                      0x08002e18   Section        0  stm32f10x_usart.o(i.USART_ReceiveData)
    i.USART_StructInit                       0x08002e22   Section        0  stm32f10x_usart.o(i.USART_StructInit)
    i.Uart2_Init                             0x08002e3c   Section        0  uart_config.o(i.Uart2_Init)
    i.UsageFault_Handler                     0x08002eec   Section        0  stm32f10x_it.o(i.UsageFault_Handler)
    i.__scatterload_copy                     0x08002ef0   Section       14  handlers.o(i.__scatterload_copy)
    i.__scatterload_null                     0x08002efe   Section        2  handlers.o(i.__scatterload_null)
    i.__scatterload_zeroinit                 0x08002f00   Section       14  handlers.o(i.__scatterload_zeroinit)
    i.fmin                                   0x08002f0e   Section        0  fmin.o(i.fmin)
    i.main                                   0x08002f50   Section        0  main.o(i.main)
    .constdata                               0x0800305c   Section     1520  oled.o(.constdata)
    .data                                    0x20000000   Section       20  system_stm32f10x.o(.data)
    .data                                    0x20000014   Section       20  stm32f10x_rcc.o(.data)
    APBAHBPrescTable                         0x20000014   Data          16  stm32f10x_rcc.o(.data)
    ADCPrescTable                            0x20000024   Data           4  stm32f10x_rcc.o(.data)
    .data                                    0x20000028   Section        5  main.o(.data)
    .data                                    0x20000030   Section       24  stm32f10x_it.o(.data)
    lose_time                                0x20000044   Data           4  stm32f10x_it.o(.data)
    .data                                    0x20000048   Section        5  m3pwm.o(.data)
    g_pwm_frequency                          0x20000048   Data           4  m3pwm.o(.data)
    g_pwm_duty_cycle                         0x2000004c   Data           1  m3pwm.o(.data)
    .data                                    0x20000050   Section       12  motor_ctr.o(.data)
    g_motor_frequency                        0x20000050   Data           4  motor_ctr.o(.data)
    g_motor1_duty                            0x20000054   Data           2  motor_ctr.o(.data)
    g_motor2_duty                            0x20000056   Data           2  motor_ctr.o(.data)
    g_motor1_direction                       0x20000058   Data           1  motor_ctr.o(.data)
    g_motor2_direction                       0x20000059   Data           1  motor_ctr.o(.data)
    .data                                    0x2000005c   Section       16  abencoder.o(.data)
    last_count_left                          0x2000005c   Data           2  abencoder.o(.data)
    last_count_right                         0x2000005e   Data           2  abencoder.o(.data)
    .data                                    0x2000006c   Section        4  uart_config.o(.data)
    s_usart2_rx_head                         0x2000006c   Data           2  uart_config.o(.data)
    s_usart2_rx_tail                         0x2000006e   Data           2  uart_config.o(.data)
    .data                                    0x20000070   Section       15  key_scan.o(.data)
    key_status                               0x20000070   Data           8  key_scan.o(.data)
    key_event_buffer                         0x20000078   Data           4  key_scan.o(.data)
    event_write_index                        0x2000007c   Data           1  key_scan.o(.data)
    event_read_index                         0x2000007d   Data           1  key_scan.o(.data)
    event_count                              0x2000007e   Data           1  key_scan.o(.data)
    .data                                    0x20000080   Section        8  blackpoint_finder.o(.data)
    last_position                            0x20000080   Data           1  blackpoint_finder.o(.data)
    last_precise_position                    0x20000084   Data           4  blackpoint_finder.o(.data)
    .data                                    0x20000088   Section        8  pid_controller.o(.data)
    first_set                                0x20000088   Data           1  pid_controller.o(.data)
    statr_speed                              0x2000008c   Data           4  pid_controller.o(.data)
    .bss                                     0x20000090   Section       34  adc_get.o(.bss)
    .bss                                     0x200000b2   Section      128  uart_config.o(.bss)
    s_usart2_rx_buffer                       0x200000b2   Data         128  uart_config.o(.bss)
    .bss                                     0x20000134   Section       36  lsm6dsr_config.o(.bss)
    .bss                                     0x20000158   Section       64  blackpoint_finder.o(.bss)
    sensor_config                            0x20000158   Data          64  blackpoint_finder.o(.bss)
    .bss                                     0x20000198   Section       84  pid_controller.o(.bss)
    STACK                                    0x200001f0   Section     1024  startup_stm32f10x_md.o(STACK)

    Global Symbols

    Symbol Name                              Value     Ov Type        Size  Object(Section)

    BuildAttributes$$THM_ISAv4$P$D$K$B$S$PE$A:L22UL41UL21$X:L11$S22US41US21$IEEE1$IW$USESV6$~STKCKD$USESV7$~SHL$OTIME$ROPI$IEEEJ$EBA8$MICROLIB$REQ8$PRES8$EABIv2 0x00000000   Number         0  anon$$obj.o ABSOLUTE
    __ARM_use_no_argv                        0x00000000   Number         0  main.o ABSOLUTE
    __cpp_initialize__aeabi_                  - Undefined Weak Reference
    __cxa_finalize                            - Undefined Weak Reference
    __decompress                              - Undefined Weak Reference
    _clock_init                               - Undefined Weak Reference
    _microlib_exit                            - Undefined Weak Reference
    __Vectors_Size                           0x000000ec   Number         0  startup_stm32f10x_md.o ABSOLUTE
    __Vectors                                0x08000000   Data           4  startup_stm32f10x_md.o(RESET)
    __Vectors_End                            0x080000ec   Data           0  startup_stm32f10x_md.o(RESET)
    __main                                   0x080000ed   Thumb Code     0  entry.o(.ARM.Collect$$$$00000000)
    _main_stk                                0x080000ed   Thumb Code     0  entry2.o(.ARM.Collect$$$$00000001)
    _main_scatterload                        0x080000f1   Thumb Code     0  entry5.o(.ARM.Collect$$$$00000004)
    __main_after_scatterload                 0x080000f5   Thumb Code     0  entry5.o(.ARM.Collect$$$$00000004)
    _main_clock                              0x080000f5   Thumb Code     0  entry7b.o(.ARM.Collect$$$$00000008)
    _main_cpp_init                           0x080000f5   Thumb Code     0  entry8b.o(.ARM.Collect$$$$0000000A)
    _main_init                               0x080000f5   Thumb Code     0  entry9a.o(.ARM.Collect$$$$0000000B)
    __rt_final_cpp                           0x080000fd   Thumb Code     0  entry10a.o(.ARM.Collect$$$$0000000D)
    __rt_final_exit                          0x080000fd   Thumb Code     0  entry11a.o(.ARM.Collect$$$$0000000F)
    Reset_Handler                            0x08000101   Thumb Code     8  startup_stm32f10x_md.o(.text)
    ADC1_2_IRQHandler                        0x0800011b   Thumb Code     0  startup_stm32f10x_md.o(.text)
    CAN1_RX1_IRQHandler                      0x0800011b   Thumb Code     0  startup_stm32f10x_md.o(.text)
    CAN1_SCE_IRQHandler                      0x0800011b   Thumb Code     0  startup_stm32f10x_md.o(.text)
    DMA1_Channel1_IRQHandler                 0x0800011b   Thumb Code     0  startup_stm32f10x_md.o(.text)
    DMA1_Channel2_IRQHandler                 0x0800011b   Thumb Code     0  startup_stm32f10x_md.o(.text)
    DMA1_Channel3_IRQHandler                 0x0800011b   Thumb Code     0  startup_stm32f10x_md.o(.text)
    DMA1_Channel4_IRQHandler                 0x0800011b   Thumb Code     0  startup_stm32f10x_md.o(.text)
    DMA1_Channel5_IRQHandler                 0x0800011b   Thumb Code     0  startup_stm32f10x_md.o(.text)
    DMA1_Channel6_IRQHandler                 0x0800011b   Thumb Code     0  startup_stm32f10x_md.o(.text)
    DMA1_Channel7_IRQHandler                 0x0800011b   Thumb Code     0  startup_stm32f10x_md.o(.text)
    EXTI0_IRQHandler                         0x0800011b   Thumb Code     0  startup_stm32f10x_md.o(.text)
    EXTI15_10_IRQHandler                     0x0800011b   Thumb Code     0  startup_stm32f10x_md.o(.text)
    EXTI1_IRQHandler                         0x0800011b   Thumb Code     0  startup_stm32f10x_md.o(.text)
    EXTI2_IRQHandler                         0x0800011b   Thumb Code     0  startup_stm32f10x_md.o(.text)
    EXTI3_IRQHandler                         0x0800011b   Thumb Code     0  startup_stm32f10x_md.o(.text)
    EXTI4_IRQHandler                         0x0800011b   Thumb Code     0  startup_stm32f10x_md.o(.text)
    EXTI9_5_IRQHandler                       0x0800011b   Thumb Code     0  startup_stm32f10x_md.o(.text)
    FLASH_IRQHandler                         0x0800011b   Thumb Code     0  startup_stm32f10x_md.o(.text)
    I2C1_ER_IRQHandler                       0x0800011b   Thumb Code     0  startup_stm32f10x_md.o(.text)
    I2C1_EV_IRQHandler                       0x0800011b   Thumb Code     0  startup_stm32f10x_md.o(.text)
    I2C2_ER_IRQHandler                       0x0800011b   Thumb Code     0  startup_stm32f10x_md.o(.text)
    I2C2_EV_IRQHandler                       0x0800011b   Thumb Code     0  startup_stm32f10x_md.o(.text)
    PVD_IRQHandler                           0x0800011b   Thumb Code     0  startup_stm32f10x_md.o(.text)
    RCC_IRQHandler                           0x0800011b   Thumb Code     0  startup_stm32f10x_md.o(.text)
    RTCAlarm_IRQHandler                      0x0800011b   Thumb Code     0  startup_stm32f10x_md.o(.text)
    RTC_IRQHandler                           0x0800011b   Thumb Code     0  startup_stm32f10x_md.o(.text)
    SPI1_IRQHandler                          0x0800011b   Thumb Code     0  startup_stm32f10x_md.o(.text)
    SPI2_IRQHandler                          0x0800011b   Thumb Code     0  startup_stm32f10x_md.o(.text)
    TAMPER_IRQHandler                        0x0800011b   Thumb Code     0  startup_stm32f10x_md.o(.text)
    TIM1_BRK_IRQHandler                      0x0800011b   Thumb Code     0  startup_stm32f10x_md.o(.text)
    TIM1_CC_IRQHandler                       0x0800011b   Thumb Code     0  startup_stm32f10x_md.o(.text)
    TIM1_TRG_COM_IRQHandler                  0x0800011b   Thumb Code     0  startup_stm32f10x_md.o(.text)
    TIM1_UP_IRQHandler                       0x0800011b   Thumb Code     0  startup_stm32f10x_md.o(.text)
    TIM2_IRQHandler                          0x0800011b   Thumb Code     0  startup_stm32f10x_md.o(.text)
    TIM3_IRQHandler                          0x0800011b   Thumb Code     0  startup_stm32f10x_md.o(.text)
    TIM4_IRQHandler                          0x0800011b   Thumb Code     0  startup_stm32f10x_md.o(.text)
    USART1_IRQHandler                        0x0800011b   Thumb Code     0  startup_stm32f10x_md.o(.text)
    USART3_IRQHandler                        0x0800011b   Thumb Code     0  startup_stm32f10x_md.o(.text)
    USBWakeUp_IRQHandler                     0x0800011b   Thumb Code     0  startup_stm32f10x_md.o(.text)
    USB_HP_CAN1_TX_IRQHandler                0x0800011b   Thumb Code     0  startup_stm32f10x_md.o(.text)
    USB_LP_CAN1_RX0_IRQHandler               0x0800011b   Thumb Code     0  startup_stm32f10x_md.o(.text)
    WWDG_IRQHandler                          0x0800011b   Thumb Code     0  startup_stm32f10x_md.o(.text)
    __aeabi_fadd                             0x08000125   Thumb Code   164  fadd.o(.text)
    __aeabi_fsub                             0x080001c9   Thumb Code     6  fadd.o(.text)
    __aeabi_frsub                            0x080001cf   Thumb Code     6  fadd.o(.text)
    __aeabi_fmul                             0x080001d5   Thumb Code   100  fmul.o(.text)
    __aeabi_fdiv                             0x08000239   Thumb Code   124  fdiv.o(.text)
    __aeabi_dadd                             0x080002b5   Thumb Code   322  dadd.o(.text)
    __aeabi_dsub                             0x080003f7   Thumb Code     6  dadd.o(.text)
    __aeabi_drsub                            0x080003fd   Thumb Code     6  dadd.o(.text)
    __aeabi_dmul                             0x08000403   Thumb Code   228  dmul.o(.text)
    __aeabi_ddiv                             0x080004e7   Thumb Code   222  ddiv.o(.text)
    __aeabi_i2f                              0x080005c5   Thumb Code    18  fflti.o(.text)
    __aeabi_ui2f                             0x080005d7   Thumb Code    10  ffltui.o(.text)
    __aeabi_f2iz                             0x080005e1   Thumb Code    50  ffixi.o(.text)
    __aeabi_f2uiz                            0x08000613   Thumb Code    40  ffixui.o(.text)
    __aeabi_f2d                              0x0800063b   Thumb Code    38  f2d.o(.text)
    __aeabi_d2f                              0x08000661   Thumb Code    56  d2f.o(.text)
    __aeabi_cfcmpeq                          0x08000699   Thumb Code     0  cfcmple.o(.text)
    __aeabi_cfcmple                          0x08000699   Thumb Code    20  cfcmple.o(.text)
    __aeabi_cfrcmple                         0x080006ad   Thumb Code    20  cfrcmple.o(.text)
    __aeabi_llsl                             0x080006c1   Thumb Code    30  llshl.o(.text)
    _ll_shift_l                              0x080006c1   Thumb Code     0  llshl.o(.text)
    __aeabi_lasr                             0x080006df   Thumb Code    36  llsshr.o(.text)
    _ll_sshift_r                             0x080006df   Thumb Code     0  llsshr.o(.text)
    __I$use$fp                               0x08000703   Thumb Code     0  iusefp.o(.text)
    _float_round                             0x08000703   Thumb Code    18  fepilogue.o(.text)
    _float_epilogue                          0x08000715   Thumb Code    92  fepilogue.o(.text)
    _double_round                            0x08000771   Thumb Code    30  depilogue.o(.text)
    _double_epilogue                         0x0800078f   Thumb Code   156  depilogue.o(.text)
    __ARM_dcmp4                              0x0800082b   Thumb Code    96  dcmp4.o(.text)
    _dcmp4                                   0x0800082b   Thumb Code     0  dcmp4.o(.text)
    __scatterload                            0x0800088d   Thumb Code    28  init.o(.text)
    __scatterload_rt2                        0x0800088d   Thumb Code     0  init.o(.text)
    __aeabi_llsr                             0x080008b1   Thumb Code    32  llushr.o(.text)
    _ll_ushift_r                             0x080008b1   Thumb Code     0  llushr.o(.text)
    ABEncoder_Init                           0x080008d1   Thumb Code   204  abencoder.o(i.ABEncoder_Init)
    ABEncoder_UpdateSpeed                    0x080009ad   Thumb Code    86  abencoder.o(i.ABEncoder_UpdateSpeed)
    ADC_Cmd                                  0x08000a25   Thumb Code    22  stm32f10x_adc.o(i.ADC_Cmd)
    ADC_DeInit                               0x08000a3d   Thumb Code    78  stm32f10x_adc.o(i.ADC_DeInit)
    ADC_GetCalibrationStatus                 0x08000a99   Thumb Code    20  stm32f10x_adc.o(i.ADC_GetCalibrationStatus)
    ADC_GetConversionValue                   0x08000aad   Thumb Code     8  stm32f10x_adc.o(i.ADC_GetConversionValue)
    ADC_GetFlagStatus                        0x08000ab5   Thumb Code    18  stm32f10x_adc.o(i.ADC_GetFlagStatus)
    ADC_GetResetCalibrationStatus            0x08000ac7   Thumb Code    20  stm32f10x_adc.o(i.ADC_GetResetCalibrationStatus)
    ADC_Init                                 0x08000add   Thumb Code    70  stm32f10x_adc.o(i.ADC_Init)
    ADC_RegularChannelConfig                 0x08000b5d   Thumb Code   184  stm32f10x_adc.o(i.ADC_RegularChannelConfig)
    ADC_ResetCalibration                     0x08000c15   Thumb Code    10  stm32f10x_adc.o(i.ADC_ResetCalibration)
    ADC_SoftwareStartConvCmd                 0x08000c1f   Thumb Code    22  stm32f10x_adc.o(i.ADC_SoftwareStartConvCmd)
    ADC_StartCalibration                     0x08000c35   Thumb Code    10  stm32f10x_adc.o(i.ADC_StartCalibration)
    BlackPoint_Finder_Init                   0x08000c41   Thumb Code   238  blackpoint_finder.o(i.BlackPoint_Finder_Init)
    BlackPoint_Finder_Search                 0x08000d3d   Thumb Code   798  blackpoint_finder.o(i.BlackPoint_Finder_Search)
    BusFault_Handler                         0x0800107d   Thumb Code     4  stm32f10x_it.o(i.BusFault_Handler)
    DebugMon_Handler                         0x08001081   Thumb Code     2  stm32f10x_it.o(i.DebugMon_Handler)
    Delay_ms                                 0x08001083   Thumb Code    24  delay.o(i.Delay_ms)
    Delay_us                                 0x0800109b   Thumb Code    26  delay.o(i.Delay_us)
    GPIO_Init                                0x080010b5   Thumb Code   278  stm32f10x_gpio.o(i.GPIO_Init)
    GPIO_PinRemapConfig                      0x080011cd   Thumb Code   138  stm32f10x_gpio.o(i.GPIO_PinRemapConfig)
    GPIO_ReadInputDataBit                    0x0800125d   Thumb Code    18  stm32f10x_gpio.o(i.GPIO_ReadInputDataBit)
    GPIO_ResetBits                           0x0800126f   Thumb Code     4  stm32f10x_gpio.o(i.GPIO_ResetBits)
    GPIO_SetBits                             0x08001273   Thumb Code     4  stm32f10x_gpio.o(i.GPIO_SetBits)
    GPIO_WriteBit                            0x08001277   Thumb Code    10  stm32f10x_gpio.o(i.GPIO_WriteBit)
    HardFault_Handler                        0x08001281   Thumb Code     4  stm32f10x_it.o(i.HardFault_Handler)
    Key_GetEvent                             0x0800145d   Thumb Code    54  key_scan.o(i.Key_GetEvent)
    Key_Scan_Init                            0x0800151d   Thumb Code   118  key_scan.o(i.Key_Scan_Init)
    Key_Scan_Update                          0x080015ad   Thumb Code    78  key_scan.o(i.Key_Scan_Update)
    LSM6DSR_ConvertToPhysics                 0x08001605   Thumb Code   156  lsm6dsr_config.o(i.LSM6DSR_ConvertToPhysics)
    LSM6DSR_Init                             0x080016b1   Thumb Code    92  lsm6dsr_config.o(i.LSM6DSR_Init)
    LSM6DSR_ReadData                         0x0800170d   Thumb Code   112  lsm6dsr_config.o(i.LSM6DSR_ReadData)
    LSM6DSR_ReadID                           0x0800177d   Thumb Code    10  lsm6dsr_config.o(i.LSM6DSR_ReadID)
    LSM6DSR_ReadReg                          0x08001787   Thumb Code    12  lsm6dsr_config.o(i.LSM6DSR_ReadReg)
    LSM6DSR_ReadRegs                         0x08001793   Thumb Code    20  lsm6dsr_config.o(i.LSM6DSR_ReadRegs)
    LSM6DSR_WriteReg                         0x080017a7   Thumb Code    16  lsm6dsr_config.o(i.LSM6DSR_WriteReg)
    M3PWM_Init                               0x080017b9   Thumb Code   172  m3pwm.o(i.M3PWM_Init)
    M3PWM_SetDutyCycle                       0x0800186d   Thumb Code    50  m3pwm.o(i.M3PWM_SetDutyCycle)
    M3PWM_Start                              0x080018a5   Thumb Code    20  m3pwm.o(i.M3PWM_Start)
    MemManage_Handler                        0x080018b9   Thumb Code     4  stm32f10x_it.o(i.MemManage_Handler)
    Motor_Disable                            0x080018bd   Thumb Code    14  motor_ctr.o(i.Motor_Disable)
    Motor_Enable                             0x080018d1   Thumb Code    14  motor_ctr.o(i.Motor_Enable)
    Motor_Init                               0x080018e5   Thumb Code   242  motor_ctr.o(i.Motor_Init)
    Motor_SetDirection                       0x080019e1   Thumb Code    82  motor_ctr.o(i.Motor_SetDirection)
    Motor_SetSpeed                           0x08001a41   Thumb Code    82  motor_ctr.o(i.Motor_SetSpeed)
    Motor_SetSpeedWithDirection              0x08001aa1   Thumb Code    78  pid_controller.o(i.Motor_SetSpeedWithDirection)
    Motor_Stop                               0x08001aef   Thumb Code    14  motor_ctr.o(i.Motor_Stop)
    Motor_StopAll                            0x08001afd   Thumb Code    16  motor_ctr.o(i.Motor_StopAll)
    MuxADC_Init                              0x08001b0d   Thumb Code   170  adc_get.o(i.MuxADC_Init)
    MuxADC_ReadChannel                       0x08001bc5   Thumb Code    38  adc_get.o(i.MuxADC_ReadChannel)
    MuxADC_SampleAll                         0x08001c1d   Thumb Code    36  adc_get.o(i.MuxADC_SampleAll)
    NMI_Handler                              0x08001c8d   Thumb Code     2  stm32f10x_it.o(i.NMI_Handler)
    NVIC_Init                                0x08001c91   Thumb Code   100  misc.o(i.NVIC_Init)
    OLED_Clear                               0x08001d01   Thumb Code    42  oled.o(i.OLED_Clear)
    OLED_I2C_Init                            0x08001d2d   Thumb Code    80  oled.o(i.OLED_I2C_Init)
    OLED_I2C_SendByte                        0x08001d85   Thumb Code    82  oled.o(i.OLED_I2C_SendByte)
    OLED_I2C_Start                           0x08001ddd   Thumb Code    44  oled.o(i.OLED_I2C_Start)
    OLED_I2C_Stop                            0x08001e0d   Thumb Code    34  oled.o(i.OLED_I2C_Stop)
    OLED_Init                                0x08001e35   Thumb Code   174  oled.o(i.OLED_Init)
    OLED_Pow                                 0x08001ee3   Thumb Code    20  oled.o(i.OLED_Pow)
    OLED_SetCursor                           0x08001ef7   Thumb Code    34  oled.o(i.OLED_SetCursor)
    OLED_ShowChar                            0x08001f19   Thumb Code   110  oled.o(i.OLED_ShowChar)
    OLED_ShowSignedNum                       0x08001f8d   Thumb Code   102  oled.o(i.OLED_ShowSignedNum)
    OLED_WriteCommand                        0x08001ff3   Thumb Code    32  oled.o(i.OLED_WriteCommand)
    OLED_WriteData                           0x08002013   Thumb Code    32  oled.o(i.OLED_WriteData)
    PID_Control_Update                       0x08002035   Thumb Code   320  pid_controller.o(i.PID_Control_Update)
    PID_Init                                 0x080021a5   Thumb Code    54  pid_controller.o(i.PID_Init)
    PendSV_Handler                           0x0800220d   Thumb Code     2  stm32f10x_it.o(i.PendSV_Handler)
    PositionPID_Calculate                    0x08002211   Thumb Code   208  pid_controller.o(i.PositionPID_Calculate)
    PositionPID_Init                         0x080022ed   Thumb Code    82  pid_controller.o(i.PositionPID_Init)
    RCC_ADCCLKConfig                         0x08002341   Thumb Code    18  stm32f10x_rcc.o(i.RCC_ADCCLKConfig)
    RCC_APB1PeriphClockCmd                   0x08002359   Thumb Code    26  stm32f10x_rcc.o(i.RCC_APB1PeriphClockCmd)
    RCC_APB2PeriphClockCmd                   0x08002379   Thumb Code    26  stm32f10x_rcc.o(i.RCC_APB2PeriphClockCmd)
    RCC_APB2PeriphResetCmd                   0x08002399   Thumb Code    26  stm32f10x_rcc.o(i.RCC_APB2PeriphResetCmd)
    RCC_GetClocksFreq                        0x080023b9   Thumb Code   192  stm32f10x_rcc.o(i.RCC_GetClocksFreq)
    RGB_Init                                 0x080024a5   Thumb Code    68  rgb_led.o(i.RGB_Init)
    RGB_SetColor                             0x080024f5   Thumb Code   176  rgb_led.o(i.RGB_SetColor)
    SPI_Cmd                                  0x080025e9   Thumb Code    24  stm32f10x_spi.o(i.SPI_Cmd)
    SPI_Init                                 0x08002601   Thumb Code    60  stm32f10x_spi.o(i.SPI_Init)
    SPI_StructInit                           0x0800263d   Thumb Code    24  stm32f10x_spi.o(i.SPI_StructInit)
    SVC_Handler                              0x08002655   Thumb Code     2  stm32f10x_it.o(i.SVC_Handler)
    SpeedPID_Calculate                       0x08002741   Thumb Code   148  pid_controller.o(i.SpeedPID_Calculate)
    SpeedPID_Init                            0x080027d5   Thumb Code    72  pid_controller.o(i.SpeedPID_Init)
    SysTick_Handler                          0x0800281d   Thumb Code   202  stm32f10x_it.o(i.SysTick_Handler)
    SysTick_Init                             0x08002915   Thumb Code    84  main.o(i.SysTick_Init)
    SystemInit                               0x08002975   Thumb Code    78  system_stm32f10x.o(i.SystemInit)
    TIM_ClearFlag                            0x080029d5   Thumb Code     6  stm32f10x_tim.o(i.TIM_ClearFlag)
    TIM_Cmd                                  0x080029db   Thumb Code    24  stm32f10x_tim.o(i.TIM_Cmd)
    TIM_CtrlPWMOutputs                       0x080029f3   Thumb Code    30  stm32f10x_tim.o(i.TIM_CtrlPWMOutputs)
    TIM_EncoderInterfaceConfig               0x08002a11   Thumb Code    66  stm32f10x_tim.o(i.TIM_EncoderInterfaceConfig)
    TIM_GetCounter                           0x08002a53   Thumb Code     6  stm32f10x_tim.o(i.TIM_GetCounter)
    TIM_OC2Init                              0x08002a59   Thumb Code   154  stm32f10x_tim.o(i.TIM_OC2Init)
    TIM_OC4Init                              0x08002afd   Thumb Code   114  stm32f10x_tim.o(i.TIM_OC4Init)
    TIM_SetCompare2                          0x08002b79   Thumb Code     4  stm32f10x_tim.o(i.TIM_SetCompare2)
    TIM_SetCompare4                          0x08002b7d   Thumb Code     6  stm32f10x_tim.o(i.TIM_SetCompare4)
    TIM_SetCounter                           0x08002b83   Thumb Code     4  stm32f10x_tim.o(i.TIM_SetCounter)
    TIM_TimeBaseInit                         0x08002b89   Thumb Code   122  stm32f10x_tim.o(i.TIM_TimeBaseInit)
    USART2_IRQHandler                        0x08002c2d   Thumb Code    72  uart_config.o(i.USART2_IRQHandler)
    USART_Cmd                                0x08002c89   Thumb Code    24  stm32f10x_usart.o(i.USART_Cmd)
    USART_GetITStatus                        0x08002ca1   Thumb Code    84  stm32f10x_usart.o(i.USART_GetITStatus)
    USART_ITConfig                           0x08002cf5   Thumb Code    74  stm32f10x_usart.o(i.USART_ITConfig)
    USART_Init                               0x08002d41   Thumb Code   210  stm32f10x_usart.o(i.USART_Init)
    USART_ReceiveData                        0x08002e19   Thumb Code    10  stm32f10x_usart.o(i.USART_ReceiveData)
    USART_StructInit                         0x08002e23   Thumb Code    24  stm32f10x_usart.o(i.USART_StructInit)
    Uart2_Init                               0x08002e3d   Thumb Code   166  uart_config.o(i.Uart2_Init)
    UsageFault_Handler                       0x08002eed   Thumb Code     4  stm32f10x_it.o(i.UsageFault_Handler)
    __scatterload_copy                       0x08002ef1   Thumb Code    14  handlers.o(i.__scatterload_copy)
    __scatterload_null                       0x08002eff   Thumb Code     2  handlers.o(i.__scatterload_null)
    __scatterload_zeroinit                   0x08002f01   Thumb Code    14  handlers.o(i.__scatterload_zeroinit)
    fmin                                     0x08002f0f   Thumb Code    66  fmin.o(i.fmin)
    main                                     0x08002f51   Thumb Code   234  main.o(i.main)
    OLED_F8x16                               0x0800305c   Data        1520  oled.o(.constdata)
    Region$$Table$$Base                      0x0800364c   Number         0  anon$$obj.o(Region$$Table)
    Region$$Table$$Limit                     0x0800366c   Number         0  anon$$obj.o(Region$$Table)
    SystemCoreClock                          0x20000000   Data           4  system_stm32f10x.o(.data)
    AHBPrescTable                            0x20000004   Data          16  system_stm32f10x.o(.data)
    BDI_V                                    0x20000028   Data           4  main.o(.data)
    star_car                                 0x2000002c   Data           1  main.o(.data)
    add_angle                                0x20000030   Data           4  stm32f10x_it.o(.data)
    add_angle_num                            0x20000034   Data           4  stm32f10x_it.o(.data)
    position_get                             0x20000038   Data           2  stm32f10x_it.o(.data)
    result_BlackPoint                        0x2000003c   Data           8  stm32f10x_it.o(.data)
    uart_rev_tiem                            0x2000005a   Data           2  motor_ctr.o(.data)
    speed_left                               0x20000060   Data           2  abencoder.o(.data)
    speed_right                              0x20000062   Data           2  abencoder.o(.data)
    left_ecoder_cnt                          0x20000064   Data           4  abencoder.o(.data)
    right_ecoder_cnt                         0x20000068   Data           4  abencoder.o(.data)
    g_mux_adc_values                         0x20000090   Data          34  adc_get.o(.bss)
    LSE6DSR_data                             0x20000134   Data          36  lsm6dsr_config.o(.bss)
    g_speed_pid                              0x20000198   Data          40  pid_controller.o(.bss)
    g_position_pid                           0x200001c0   Data          44  pid_controller.o(.bss)
    __initial_sp                             0x200005f0   Data           0  startup_stm32f10x_md.o(STACK)



==============================================================================

Memory Map of the image

  Image Entry point : 0x080000ed

  Load Region LR_IROM1 (Base: 0x08000000, Size: 0x000036fc, Max: 0x00010000, ABSOLUTE)

    Execution Region ER_IROM1 (Exec base: 0x08000000, Load base: 0x08000000, Size: 0x0000366c, Max: 0x00010000, ABSOLUTE)

    Exec Addr    Load Addr    Size         Type   Attr      Idx    E Section Name        Object

    0x08000000   0x08000000   0x000000ec   Data   RO            3    RESET               startup_stm32f10x_md.o
    0x080000ec   0x080000ec   0x00000000   Code   RO         4090  * .ARM.Collect$$$$00000000  mc_w.l(entry.o)
    0x080000ec   0x080000ec   0x00000004   Code   RO         4125    .ARM.Collect$$$$00000001  mc_w.l(entry2.o)
    0x080000f0   0x080000f0   0x00000004   Code   RO         4128    .ARM.Collect$$$$00000004  mc_w.l(entry5.o)
    0x080000f4   0x080000f4   0x00000000   Code   RO         4130    .ARM.Collect$$$$00000008  mc_w.l(entry7b.o)
    0x080000f4   0x080000f4   0x00000000   Code   RO         4132    .ARM.Collect$$$$0000000A  mc_w.l(entry8b.o)
    0x080000f4   0x080000f4   0x00000008   Code   RO         4133    .ARM.Collect$$$$0000000B  mc_w.l(entry9a.o)
    0x080000fc   0x080000fc   0x00000000   Code   RO         4135    .ARM.Collect$$$$0000000D  mc_w.l(entry10a.o)
    0x080000fc   0x080000fc   0x00000000   Code   RO         4137    .ARM.Collect$$$$0000000F  mc_w.l(entry11a.o)
    0x080000fc   0x080000fc   0x00000004   Code   RO         4126    .ARM.Collect$$$$00002712  mc_w.l(entry2.o)
    0x08000100   0x08000100   0x00000024   Code   RO            4    .text               startup_stm32f10x_md.o
    0x08000124   0x08000124   0x000000b0   Code   RO         4097    .text               mf_w.l(fadd.o)
    0x080001d4   0x080001d4   0x00000064   Code   RO         4099    .text               mf_w.l(fmul.o)
    0x08000238   0x08000238   0x0000007c   Code   RO         4101    .text               mf_w.l(fdiv.o)
    0x080002b4   0x080002b4   0x0000014e   Code   RO         4103    .text               mf_w.l(dadd.o)
    0x08000402   0x08000402   0x000000e4   Code   RO         4105    .text               mf_w.l(dmul.o)
    0x080004e6   0x080004e6   0x000000de   Code   RO         4107    .text               mf_w.l(ddiv.o)
    0x080005c4   0x080005c4   0x00000012   Code   RO         4109    .text               mf_w.l(fflti.o)
    0x080005d6   0x080005d6   0x0000000a   Code   RO         4111    .text               mf_w.l(ffltui.o)
    0x080005e0   0x080005e0   0x00000032   Code   RO         4113    .text               mf_w.l(ffixi.o)
    0x08000612   0x08000612   0x00000028   Code   RO         4115    .text               mf_w.l(ffixui.o)
    0x0800063a   0x0800063a   0x00000026   Code   RO         4117    .text               mf_w.l(f2d.o)
    0x08000660   0x08000660   0x00000038   Code   RO         4119    .text               mf_w.l(d2f.o)
    0x08000698   0x08000698   0x00000014   Code   RO         4121    .text               mf_w.l(cfcmple.o)
    0x080006ac   0x080006ac   0x00000014   Code   RO         4123    .text               mf_w.l(cfrcmple.o)
    0x080006c0   0x080006c0   0x0000001e   Code   RO         4139    .text               mc_w.l(llshl.o)
    0x080006de   0x080006de   0x00000024   Code   RO         4141    .text               mc_w.l(llsshr.o)
    0x08000702   0x08000702   0x00000000   Code   RO         4150    .text               mc_w.l(iusefp.o)
    0x08000702   0x08000702   0x0000006e   Code   RO         4151    .text               mf_w.l(fepilogue.o)
    0x08000770   0x08000770   0x000000ba   Code   RO         4153    .text               mf_w.l(depilogue.o)
    0x0800082a   0x0800082a   0x00000060   Code   RO         4159    .text               mf_w.l(dcmp4.o)
    0x0800088a   0x0800088a   0x00000002   PAD
    0x0800088c   0x0800088c   0x00000024   Code   RO         4161    .text               mc_w.l(init.o)
    0x080008b0   0x080008b0   0x00000020   Code   RO         4163    .text               mc_w.l(llushr.o)
    0x080008d0   0x080008d0   0x000000dc   Code   RO         3570    i.ABEncoder_Init    abencoder.o
    0x080009ac   0x080009ac   0x00000078   Code   RO         3571    i.ABEncoder_UpdateSpeed  abencoder.o
    0x08000a24   0x08000a24   0x00000016   Code   RO          202    i.ADC_Cmd           stm32f10x_adc.o
    0x08000a3a   0x08000a3a   0x00000002   PAD
    0x08000a3c   0x08000a3c   0x0000005c   Code   RO          204    i.ADC_DeInit        stm32f10x_adc.o
    0x08000a98   0x08000a98   0x00000014   Code   RO          210    i.ADC_GetCalibrationStatus  stm32f10x_adc.o
    0x08000aac   0x08000aac   0x00000008   Code   RO          211    i.ADC_GetConversionValue  stm32f10x_adc.o
    0x08000ab4   0x08000ab4   0x00000012   Code   RO          213    i.ADC_GetFlagStatus  stm32f10x_adc.o
    0x08000ac6   0x08000ac6   0x00000014   Code   RO          216    i.ADC_GetResetCalibrationStatus  stm32f10x_adc.o
    0x08000ada   0x08000ada   0x00000002   PAD
    0x08000adc   0x08000adc   0x00000050   Code   RO          220    i.ADC_Init          stm32f10x_adc.o
    0x08000b2c   0x08000b2c   0x00000030   Code   RO         3594    i.ADC_Read_PA0      adc_get.o
    0x08000b5c   0x08000b5c   0x000000b8   Code   RO          224    i.ADC_RegularChannelConfig  stm32f10x_adc.o
    0x08000c14   0x08000c14   0x0000000a   Code   RO          225    i.ADC_ResetCalibration  stm32f10x_adc.o
    0x08000c1e   0x08000c1e   0x00000016   Code   RO          227    i.ADC_SoftwareStartConvCmd  stm32f10x_adc.o
    0x08000c34   0x08000c34   0x0000000a   Code   RO          229    i.ADC_StartCalibration  stm32f10x_adc.o
    0x08000c3e   0x08000c3e   0x00000002   PAD
    0x08000c40   0x08000c40   0x000000fc   Code   RO         3948    i.BlackPoint_Finder_Init  blackpoint_finder.o
    0x08000d3c   0x08000d3c   0x00000340   Code   RO         3951    i.BlackPoint_Finder_Search  blackpoint_finder.o
    0x0800107c   0x0800107c   0x00000004   Code   RO         3300    i.BusFault_Handler  stm32f10x_it.o
    0x08001080   0x08001080   0x00000002   Code   RO         3301    i.DebugMon_Handler  stm32f10x_it.o
    0x08001082   0x08001082   0x00000018   Code   RO         3196    i.Delay_ms          delay.o
    0x0800109a   0x0800109a   0x0000001a   Code   RO         3198    i.Delay_us          delay.o
    0x080010b4   0x080010b4   0x00000116   Code   RO         1347    i.GPIO_Init         stm32f10x_gpio.o
    0x080011ca   0x080011ca   0x00000002   PAD
    0x080011cc   0x080011cc   0x00000090   Code   RO         1349    i.GPIO_PinRemapConfig  stm32f10x_gpio.o
    0x0800125c   0x0800125c   0x00000012   Code   RO         1351    i.GPIO_ReadInputDataBit  stm32f10x_gpio.o
    0x0800126e   0x0800126e   0x00000004   Code   RO         1354    i.GPIO_ResetBits    stm32f10x_gpio.o
    0x08001272   0x08001272   0x00000004   Code   RO         1355    i.GPIO_SetBits      stm32f10x_gpio.o
    0x08001276   0x08001276   0x0000000a   Code   RO         1358    i.GPIO_WriteBit     stm32f10x_gpio.o
    0x08001280   0x08001280   0x00000004   Code   RO         3302    i.HardFault_Handler  stm32f10x_it.o
    0x08001284   0x08001284   0x00000014   Code   RO         3740    i.HardwareSPI_CS_High  lsm6dsr_config.o
    0x08001298   0x08001298   0x00000014   Code   RO         3741    i.HardwareSPI_CS_Low  lsm6dsr_config.o
    0x080012ac   0x080012ac   0x000000c4   Code   RO         3742    i.HardwareSPI_Init  lsm6dsr_config.o
    0x08001370   0x08001370   0x00000020   Code   RO         3743    i.HardwareSPI_ReadByte  lsm6dsr_config.o
    0x08001390   0x08001390   0x00000032   Code   RO         3744    i.HardwareSPI_ReadBytes  lsm6dsr_config.o
    0x080013c2   0x080013c2   0x00000002   PAD
    0x080013c4   0x080013c4   0x00000034   Code   RO         3745    i.HardwareSPI_TransmitByte  lsm6dsr_config.o
    0x080013f8   0x080013f8   0x0000001e   Code   RO         3746    i.HardwareSPI_WriteByte  lsm6dsr_config.o
    0x08001416   0x08001416   0x00000002   PAD
    0x08001418   0x08001418   0x00000044   Code   RO         3892    i.Key_AddEvent      key_scan.o
    0x0800145c   0x0800145c   0x00000044   Code   RO         3894    i.Key_GetEvent      key_scan.o
    0x080014a0   0x080014a0   0x0000007c   Code   RO         3897    i.Key_ReadRaw       key_scan.o
    0x0800151c   0x0800151c   0x00000090   Code   RO         3898    i.Key_Scan_Init     key_scan.o
    0x080015ac   0x080015ac   0x00000058   Code   RO         3899    i.Key_Scan_Update   key_scan.o
    0x08001604   0x08001604   0x000000ac   Code   RO         3747    i.LSM6DSR_ConvertToPhysics  lsm6dsr_config.o
    0x080016b0   0x080016b0   0x0000005c   Code   RO         3748    i.LSM6DSR_Init      lsm6dsr_config.o
    0x0800170c   0x0800170c   0x00000070   Code   RO         3749    i.LSM6DSR_ReadData  lsm6dsr_config.o
    0x0800177c   0x0800177c   0x0000000a   Code   RO         3750    i.LSM6DSR_ReadID    lsm6dsr_config.o
    0x08001786   0x08001786   0x0000000c   Code   RO         3751    i.LSM6DSR_ReadReg   lsm6dsr_config.o
    0x08001792   0x08001792   0x00000014   Code   RO         3752    i.LSM6DSR_ReadRegs  lsm6dsr_config.o
    0x080017a6   0x080017a6   0x00000010   Code   RO         3753    i.LSM6DSR_WriteReg  lsm6dsr_config.o
    0x080017b6   0x080017b6   0x00000002   PAD
    0x080017b8   0x080017b8   0x000000b4   Code   RO         3367    i.M3PWM_Init        m3pwm.o
    0x0800186c   0x0800186c   0x00000038   Code   RO         3368    i.M3PWM_SetDutyCycle  m3pwm.o
    0x080018a4   0x080018a4   0x00000014   Code   RO         3370    i.M3PWM_Start       m3pwm.o
    0x080018b8   0x080018b8   0x00000004   Code   RO         3303    i.MemManage_Handler  stm32f10x_it.o
    0x080018bc   0x080018bc   0x00000014   Code   RO         3405    i.Motor_Disable     motor_ctr.o
    0x080018d0   0x080018d0   0x00000014   Code   RO         3406    i.Motor_Enable      motor_ctr.o
    0x080018e4   0x080018e4   0x000000fc   Code   RO         3407    i.Motor_Init        motor_ctr.o
    0x080019e0   0x080019e0   0x00000060   Code   RO         3408    i.Motor_SetDirection  motor_ctr.o
    0x08001a40   0x08001a40   0x00000060   Code   RO         3410    i.Motor_SetSpeed    motor_ctr.o
    0x08001aa0   0x08001aa0   0x0000004e   Code   RO         3997    i.Motor_SetSpeedWithDirection  pid_controller.o
    0x08001aee   0x08001aee   0x0000000e   Code   RO         3411    i.Motor_Stop        motor_ctr.o
    0x08001afc   0x08001afc   0x00000010   Code   RO         3412    i.Motor_StopAll     motor_ctr.o
    0x08001b0c   0x08001b0c   0x000000b8   Code   RO         3595    i.MuxADC_Init       adc_get.o
    0x08001bc4   0x08001bc4   0x00000026   Code   RO         3596    i.MuxADC_ReadChannel  adc_get.o
    0x08001bea   0x08001bea   0x00000002   PAD
    0x08001bec   0x08001bec   0x00000030   Code   RO         3597    i.MuxADC_ReadOnce   adc_get.o
    0x08001c1c   0x08001c1c   0x00000028   Code   RO         3598    i.MuxADC_SampleAll  adc_get.o
    0x08001c44   0x08001c44   0x00000048   Code   RO         3599    i.MuxADC_SetSelectLines  adc_get.o
    0x08001c8c   0x08001c8c   0x00000002   Code   RO         3304    i.NMI_Handler       stm32f10x_it.o
    0x08001c8e   0x08001c8e   0x00000002   PAD
    0x08001c90   0x08001c90   0x00000070   Code   RO          137    i.NVIC_Init         misc.o
    0x08001d00   0x08001d00   0x0000002a   Code   RO         3462    i.OLED_Clear        oled.o
    0x08001d2a   0x08001d2a   0x00000002   PAD
    0x08001d2c   0x08001d2c   0x00000058   Code   RO         3463    i.OLED_I2C_Init     oled.o
    0x08001d84   0x08001d84   0x00000058   Code   RO         3464    i.OLED_I2C_SendByte  oled.o
    0x08001ddc   0x08001ddc   0x00000030   Code   RO         3465    i.OLED_I2C_Start    oled.o
    0x08001e0c   0x08001e0c   0x00000028   Code   RO         3466    i.OLED_I2C_Stop     oled.o
    0x08001e34   0x08001e34   0x000000ae   Code   RO         3467    i.OLED_Init         oled.o
    0x08001ee2   0x08001ee2   0x00000014   Code   RO         3468    i.OLED_Pow          oled.o
    0x08001ef6   0x08001ef6   0x00000022   Code   RO         3469    i.OLED_SetCursor    oled.o
    0x08001f18   0x08001f18   0x00000074   Code   RO         3471    i.OLED_ShowChar     oled.o
    0x08001f8c   0x08001f8c   0x00000066   Code   RO         3474    i.OLED_ShowSignedNum  oled.o
    0x08001ff2   0x08001ff2   0x00000020   Code   RO         3476    i.OLED_WriteCommand  oled.o
    0x08002012   0x08002012   0x00000020   Code   RO         3477    i.OLED_WriteData    oled.o
    0x08002032   0x08002032   0x00000002   PAD
    0x08002034   0x08002034   0x00000170   Code   RO         3998    i.PID_Control_Update  pid_controller.o
    0x080021a4   0x080021a4   0x00000068   Code   RO         3999    i.PID_Init          pid_controller.o
    0x0800220c   0x0800220c   0x00000002   Code   RO         3305    i.PendSV_Handler    stm32f10x_it.o
    0x0800220e   0x0800220e   0x00000002   PAD
    0x08002210   0x08002210   0x000000dc   Code   RO         4000    i.PositionPID_Calculate  pid_controller.o
    0x080022ec   0x080022ec   0x00000052   Code   RO         4001    i.PositionPID_Init  pid_controller.o
    0x0800233e   0x0800233e   0x00000002   PAD
    0x08002340   0x08002340   0x00000018   Code   RO         1773    i.RCC_ADCCLKConfig  stm32f10x_rcc.o
    0x08002358   0x08002358   0x00000020   Code   RO         1775    i.RCC_APB1PeriphClockCmd  stm32f10x_rcc.o
    0x08002378   0x08002378   0x00000020   Code   RO         1777    i.RCC_APB2PeriphClockCmd  stm32f10x_rcc.o
    0x08002398   0x08002398   0x00000020   Code   RO         1778    i.RCC_APB2PeriphResetCmd  stm32f10x_rcc.o
    0x080023b8   0x080023b8   0x000000d4   Code   RO         1785    i.RCC_GetClocksFreq  stm32f10x_rcc.o
    0x0800248c   0x0800248c   0x00000016   Code   RO         3702    i.RGB_AllOff        rgb_led.o
    0x080024a2   0x080024a2   0x00000002   PAD
    0x080024a4   0x080024a4   0x00000050   Code   RO         3703    i.RGB_Init          rgb_led.o
    0x080024f4   0x080024f4   0x000000b0   Code   RO         3704    i.RGB_SetColor      rgb_led.o
    0x080025a4   0x080025a4   0x00000018   Code   RO         3705    i.RGB_WriteB        rgb_led.o
    0x080025bc   0x080025bc   0x00000014   Code   RO         3706    i.RGB_WriteG        rgb_led.o
    0x080025d0   0x080025d0   0x00000018   Code   RO         3707    i.RGB_WriteR        rgb_led.o
    0x080025e8   0x080025e8   0x00000018   Code   RO         2263    i.SPI_Cmd           stm32f10x_spi.o
    0x08002600   0x08002600   0x0000003c   Code   RO         2276    i.SPI_Init          stm32f10x_spi.o
    0x0800263c   0x0800263c   0x00000018   Code   RO         2279    i.SPI_StructInit    stm32f10x_spi.o
    0x08002654   0x08002654   0x00000002   Code   RO         3306    i.SVC_Handler       stm32f10x_it.o
    0x08002656   0x08002656   0x00000008   Code   RO           24    i.SetSysClock       system_stm32f10x.o
    0x0800265e   0x0800265e   0x00000002   PAD
    0x08002660   0x08002660   0x000000e0   Code   RO           25    i.SetSysClockTo72   system_stm32f10x.o
    0x08002740   0x08002740   0x00000094   Code   RO         4005    i.SpeedPID_Calculate  pid_controller.o
    0x080027d4   0x080027d4   0x00000048   Code   RO         4006    i.SpeedPID_Init     pid_controller.o
    0x0800281c   0x0800281c   0x000000f8   Code   RO         3307    i.SysTick_Handler   stm32f10x_it.o
    0x08002914   0x08002914   0x00000060   Code   RO         3220    i.SysTick_Init      main.o
    0x08002974   0x08002974   0x00000060   Code   RO           27    i.SystemInit        system_stm32f10x.o
    0x080029d4   0x080029d4   0x00000006   Code   RO         2415    i.TIM_ClearFlag     stm32f10x_tim.o
    0x080029da   0x080029da   0x00000018   Code   RO         2421    i.TIM_Cmd           stm32f10x_tim.o
    0x080029f2   0x080029f2   0x0000001e   Code   RO         2423    i.TIM_CtrlPWMOutputs  stm32f10x_tim.o
    0x08002a10   0x08002a10   0x00000042   Code   RO         2430    i.TIM_EncoderInterfaceConfig  stm32f10x_tim.o
    0x08002a52   0x08002a52   0x00000006   Code   RO         2440    i.TIM_GetCounter    stm32f10x_tim.o
    0x08002a58   0x08002a58   0x000000a4   Code   RO         2455    i.TIM_OC2Init       stm32f10x_tim.o
    0x08002afc   0x08002afc   0x0000007c   Code   RO         2465    i.TIM_OC4Init       stm32f10x_tim.o
    0x08002b78   0x08002b78   0x00000004   Code   RO         2483    i.TIM_SetCompare2   stm32f10x_tim.o
    0x08002b7c   0x08002b7c   0x00000006   Code   RO         2485    i.TIM_SetCompare4   stm32f10x_tim.o
    0x08002b82   0x08002b82   0x00000004   Code   RO         2486    i.TIM_SetCounter    stm32f10x_tim.o
    0x08002b86   0x08002b86   0x00000002   PAD
    0x08002b88   0x08002b88   0x000000a4   Code   RO         2492    i.TIM_TimeBaseInit  stm32f10x_tim.o
    0x08002c2c   0x08002c2c   0x0000005c   Code   RO         3639    i.USART2_IRQHandler  uart_config.o
    0x08002c88   0x08002c88   0x00000018   Code   RO         2960    i.USART_Cmd         stm32f10x_usart.o
    0x08002ca0   0x08002ca0   0x00000054   Code   RO         2964    i.USART_GetITStatus  stm32f10x_usart.o
    0x08002cf4   0x08002cf4   0x0000004a   Code   RO         2966    i.USART_ITConfig    stm32f10x_usart.o
    0x08002d3e   0x08002d3e   0x00000002   PAD
    0x08002d40   0x08002d40   0x000000d8   Code   RO         2967    i.USART_Init        stm32f10x_usart.o
    0x08002e18   0x08002e18   0x0000000a   Code   RO         2974    i.USART_ReceiveData  stm32f10x_usart.o
    0x08002e22   0x08002e22   0x00000018   Code   RO         2983    i.USART_StructInit  stm32f10x_usart.o
    0x08002e3a   0x08002e3a   0x00000002   PAD
    0x08002e3c   0x08002e3c   0x000000b0   Code   RO         3641    i.Uart2_Init        uart_config.o
    0x08002eec   0x08002eec   0x00000004   Code   RO         3308    i.UsageFault_Handler  stm32f10x_it.o
    0x08002ef0   0x08002ef0   0x0000000e   Code   RO         4167    i.__scatterload_copy  mc_w.l(handlers.o)
    0x08002efe   0x08002efe   0x00000002   Code   RO         4168    i.__scatterload_null  mc_w.l(handlers.o)
    0x08002f00   0x08002f00   0x0000000e   Code   RO         4169    i.__scatterload_zeroinit  mc_w.l(handlers.o)
    0x08002f0e   0x08002f0e   0x00000042   Code   RO         4088    i.fmin              m_ws.l(fmin.o)
    0x08002f50   0x08002f50   0x0000010c   Code   RO         3221    i.main              main.o
    0x0800305c   0x0800305c   0x000005f0   Data   RO         3478    .constdata          oled.o
    0x0800364c   0x0800364c   0x00000020   Data   RO         4165    Region$$Table       anon$$obj.o


    Execution Region RW_IRAM1 (Exec base: 0x20000000, Load base: 0x0800366c, Size: 0x000005f0, Max: 0x00005000, ABSOLUTE)

    Exec Addr    Load Addr    Size         Type   Attr      Idx    E Section Name        Object

    0x20000000   0x0800366c   0x00000014   Data   RW           28    .data               system_stm32f10x.o
    0x20000014   0x08003680   0x00000014   Data   RW         1805    .data               stm32f10x_rcc.o
    0x20000028   0x08003694   0x00000005   Data   RW         3222    .data               main.o
    0x2000002d   0x08003699   0x00000003   PAD
    0x20000030   0x0800369c   0x00000018   Data   RW         3309    .data               stm32f10x_it.o
    0x20000048   0x080036b4   0x00000005   Data   RW         3372    .data               m3pwm.o
    0x2000004d   0x080036b9   0x00000003   PAD
    0x20000050   0x080036bc   0x0000000c   Data   RW         3413    .data               motor_ctr.o
    0x2000005c   0x080036c8   0x00000010   Data   RW         3572    .data               abencoder.o
    0x2000006c   0x080036d8   0x00000004   Data   RW         3649    .data               uart_config.o
    0x20000070   0x080036dc   0x0000000f   Data   RW         3900    .data               key_scan.o
    0x2000007f   0x080036eb   0x00000001   PAD
    0x20000080   0x080036ec   0x00000008   Data   RW         3954    .data               blackpoint_finder.o
    0x20000088   0x080036f4   0x00000008   Data   RW         4010    .data               pid_controller.o
    0x20000090        -       0x00000022   Zero   RW         3600    .bss                adc_get.o
    0x200000b2        -       0x00000080   Zero   RW         3648    .bss                uart_config.o
    0x20000132   0x080036fc   0x00000002   PAD
    0x20000134        -       0x00000024   Zero   RW         3754    .bss                lsm6dsr_config.o
    0x20000158        -       0x00000040   Zero   RW         3953    .bss                blackpoint_finder.o
    0x20000198        -       0x00000054   Zero   RW         4009    .bss                pid_controller.o
    0x200001ec   0x080036fc   0x00000004   PAD
    0x200001f0        -       0x00000400   Zero   RW            1    STACK               startup_stm32f10x_md.o


==============================================================================

Image component sizes


      Code (inc. data)   RO Data    RW Data    ZI Data      Debug   Object Name

       340         50          0         16          0       1583   abencoder.o
       430         30          0          0         34       3909   adc_get.o
      1084         48          0          8         64       3676   blackpoint_finder.o
         0          0          0          0          0       4500   core_cm3.o
        50          0          0          0          0       1002   delay.o
       492         70          0         15          0       3985   key_scan.o
       834         44          0          0         36       9777   lsm6dsr_config.o
       256         14          0          5          0       1860   m3pwm.o
       364         52          0          5          0      19747   main.o
       112         12          0          0          0     213340   misc.o
       514         50          0         12          0       4147   motor_ctr.o
       816         30       1520          0          0       7025   oled.o
      1072        110          0          8         84       6255   pid_controller.o
       346         36          0          0          0       3246   rgb_led.o
        36          8        236          0       1024        824   startup_stm32f10x_md.o
       486         24          0          0          0      18978   stm32f10x_adc.o
       458          6          0          0          0      13222   stm32f10x_gpio.o
       272         46          0         24          0       4407   stm32f10x_it.o
       332         44          0         20          0      14114   stm32f10x_rcc.o
       108          0          0          0          0       9430   stm32f10x_spi.o
       598         62          0          0          0      27197   stm32f10x_tim.o
       432          6          0          0          0      11361   stm32f10x_usart.o
       328         28          0         20          0      52493   system_stm32f10x.o
       268         30          0          4        128       2065   uart_config.o

    ----------------------------------------------------------------------
     10064        800       1788        144       1376     438143   Object Totals
         0          0         32          0          0          0   (incl. Generated)
        36          0          0          7          6          0   (incl. Padding)

    ----------------------------------------------------------------------

      Code (inc. data)   RO Data    RW Data    ZI Data      Debug   Library Member Name

        66          0          0          0          0         84   fmin.o
         0          0          0          0          0          0   entry.o
         0          0          0          0          0          0   entry10a.o
         0          0          0          0          0          0   entry11a.o
         8          4          0          0          0          0   entry2.o
         4          0          0          0          0          0   entry5.o
         0          0          0          0          0          0   entry7b.o
         0          0          0          0          0          0   entry8b.o
         8          4          0          0          0          0   entry9a.o
        30          0          0          0          0          0   handlers.o
        36          8          0          0          0         68   init.o
         0          0          0          0          0          0   iusefp.o
        30          0          0          0          0         68   llshl.o
        36          0          0          0          0         68   llsshr.o
        32          0          0          0          0         68   llushr.o
        20          0          0          0          0         68   cfcmple.o
        20          0          0          0          0         68   cfrcmple.o
        56          0          0          0          0         88   d2f.o
       334          0          0          0          0        148   dadd.o
        96          0          0          0          0         80   dcmp4.o
       222          0          0          0          0        100   ddiv.o
       186          0          0          0          0        176   depilogue.o
       228          0          0          0          0         96   dmul.o
        38          0          0          0          0         68   f2d.o
       176          0          0          0          0        140   fadd.o
       124          0          0          0          0         88   fdiv.o
       110          0          0          0          0        168   fepilogue.o
        50          0          0          0          0         68   ffixi.o
        40          0          0          0          0         68   ffixui.o
        18          0          0          0          0         68   fflti.o
        10          0          0          0          0         68   ffltui.o
       100          0          0          0          0         76   fmul.o

    ----------------------------------------------------------------------
      2080         16          0          0          0       1992   Library Totals
         2          0          0          0          0          0   (incl. Padding)

    ----------------------------------------------------------------------

      Code (inc. data)   RO Data    RW Data    ZI Data      Debug   Library Name

        66          0          0          0          0         84   m_ws.l
       184         16          0          0          0        272   mc_w.l
      1828          0          0          0          0       1636   mf_w.l

    ----------------------------------------------------------------------
      2080         16          0          0          0       1992   Library Totals

    ----------------------------------------------------------------------

==============================================================================


      Code (inc. data)   RO Data    RW Data    ZI Data      Debug   

     12144        816       1788        144       1376     432955   Grand Totals
     12144        816       1788        144       1376     432955   ELF Image Totals
     12144        816       1788        144          0          0   ROM Totals

==============================================================================

    Total RO  Size (Code + RO Data)                13932 (  13.61kB)
    Total RW  Size (RW Data + ZI Data)              1520 (   1.48kB)
    Total ROM Size (Code + RO Data + RW Data)      14076 (  13.75kB)

==============================================================================

